Component: ARM Compiler 5.06 update 5 (build 528) Tool: armlink [4d35e2]

==============================================================================

Section Cross References

    startup_stm32f10x_md.o(STACK) refers (Special) to heapauxi.o(.text) for __use_two_region_memory
    startup_stm32f10x_md.o(HEAP) refers (Special) to heapauxi.o(.text) for __use_two_region_memory
    startup_stm32f10x_md.o(RESET) refers (Special) to heapauxi.o(.text) for __use_two_region_memory
    startup_stm32f10x_md.o(RESET) refers to startup_stm32f10x_md.o(STACK) for __initial_sp
    startup_stm32f10x_md.o(RESET) refers to startup_stm32f10x_md.o(.text) for Reset_Handler
    startup_stm32f10x_md.o(RESET) refers to stm32f10x_it.o(.text) for NMI_Handler
    startup_stm32f10x_md.o(RESET) refers to main.o(.text) for TIM2_IRQHandler
    startup_stm32f10x_md.o(RESET) refers to serial.o(.text) for USART1_IRQHandler
    startup_stm32f10x_md.o(.text) refers (Special) to heapauxi.o(.text) for __use_two_region_memory
    startup_stm32f10x_md.o(.text) refers to system_stm32f10x.o(.text) for SystemInit
    startup_stm32f10x_md.o(.text) refers to __main.o(!!!main) for __main
    startup_stm32f10x_md.o(.text) refers to startup_stm32f10x_md.o(HEAP) for Heap_Mem
    startup_stm32f10x_md.o(.text) refers to startup_stm32f10x_md.o(STACK) for Stack_Mem
    system_stm32f10x.o(.text) refers to system_stm32f10x.o(.data) for SystemCoreClock
    main.o(.text) refers to dflt_clz.o(x$fpl$dflt) for __aeabi_i2d
    main.o(.text) refers to ddiv.o(x$fpl$ddiv) for __aeabi_ddiv
    main.o(.text) refers to dmul.o(x$fpl$dmul) for __aeabi_dmul
    main.o(.text) refers to d2f.o(x$fpl$d2f) for __aeabi_d2f
    main.o(.text) refers to f2d.o(x$fpl$f2d) for __aeabi_f2d
    main.o(.text) refers to drleqf.o(x$fpl$drleqf) for __aeabi_cdrcmple
    main.o(.text) refers to madgwick.o(.text) for Madgwick_Update
    main.o(.text) refers to fmul.o(x$fpl$fmul) for __aeabi_fmul
    main.o(.text) refers to kf.o(.text) for KalmanFilter1D_Update
    main.o(.text) refers to oled.o(.text) for OLED_Init
    main.o(.text) refers to mpu6050.o(.text) for MPU6050_Init
    main.o(.text) refers to serial.o(.text) for Serial_Init
    main.o(.text) refers to timer.o(.text) for Timer_Init
    main.o(.text) refers to stm32f10x_tim.o(.text) for TIM_GetITStatus
    main.o(.text) refers to main.o(.data) for GX
    main.o(.text) refers to serial.o(.data) for Serial_RxFlag
    main.o(.text) refers to serial.o(.bss) for Serial_RxPacket
    main.o(.text) refers to main.o(.bss) for Result
    stm32f10x_adc.o(.text) refers to stm32f10x_rcc.o(.text) for RCC_APB2PeriphResetCmd
    stm32f10x_bkp.o(.text) refers to stm32f10x_rcc.o(.text) for RCC_BackupResetCmd
    stm32f10x_can.o(.text) refers to stm32f10x_rcc.o(.text) for RCC_APB1PeriphResetCmd
    stm32f10x_cec.o(.text) refers to stm32f10x_rcc.o(.text) for RCC_APB1PeriphResetCmd
    stm32f10x_dac.o(.text) refers to stm32f10x_rcc.o(.text) for RCC_APB1PeriphResetCmd
    stm32f10x_gpio.o(.text) refers to stm32f10x_rcc.o(.text) for RCC_APB2PeriphResetCmd
    stm32f10x_i2c.o(.text) refers to stm32f10x_rcc.o(.text) for RCC_APB1PeriphResetCmd
    stm32f10x_pwr.o(.text) refers to stm32f10x_rcc.o(.text) for RCC_APB1PeriphResetCmd
    stm32f10x_rcc.o(.text) refers to stm32f10x_rcc.o(.data) for APBAHBPrescTable
    stm32f10x_spi.o(.text) refers to stm32f10x_rcc.o(.text) for RCC_APB2PeriphResetCmd
    stm32f10x_tim.o(.text) refers to stm32f10x_rcc.o(.text) for RCC_APB2PeriphResetCmd
    stm32f10x_usart.o(.text) refers to stm32f10x_rcc.o(.text) for RCC_APB2PeriphResetCmd
    stm32f10x_wwdg.o(.text) refers to stm32f10x_rcc.o(.text) for RCC_APB1PeriphResetCmd
    timer.o(.text) refers to stm32f10x_rcc.o(.text) for RCC_APB1PeriphClockCmd
    timer.o(.text) refers to stm32f10x_tim.o(.text) for TIM_InternalClockConfig
    timer.o(.text) refers to misc.o(.text) for NVIC_PriorityGroupConfig
    kf.o(.text) refers to fmul.o(x$fpl$fmul) for __aeabi_fmul
    kf.o(.text) refers to faddsub_clz.o(x$fpl$fadd) for __aeabi_fadd
    kf.o(.text) refers to fdiv.o(x$fpl$fdiv) for __aeabi_fdiv
    kf.o(.text) refers to faddsub_clz.o(x$fpl$fsub) for __aeabi_fsub
    madgwick.o(.text) refers to fmul.o(x$fpl$fmul) for __aeabi_fmul
    madgwick.o(.text) refers to faddsub_clz.o(x$fpl$fadd) for __aeabi_fadd
    madgwick.o(.text) refers to f2d.o(x$fpl$f2d) for __aeabi_f2d
    madgwick.o(.text) refers to sqrt.o(i.sqrt) for sqrt
    madgwick.o(.text) refers to d2f.o(x$fpl$d2f) for __aeabi_d2f
    madgwick.o(.text) refers to dleqf.o(x$fpl$dleqf) for __aeabi_cdcmple
    madgwick.o(.text) refers to fdiv.o(x$fpl$fdiv) for __aeabi_fdiv
    madgwick.o(.text) refers to dmul.o(x$fpl$dmul) for __aeabi_dmul
    madgwick.o(.text) refers to faddsub_clz.o(x$fpl$fsub) for __aeabi_fsub
    madgwick.o(.text) refers to faddsub_clz.o(x$fpl$frsb) for __aeabi_frsub
    madgwick.o(.text) refers to atan2f.o(i.atan2f) for atan2f
    madgwick.o(.text) refers to asinf.o(i.asinf) for asinf
[...]
    _printf_llx                              0x080001c5   Thumb Code     0  _printf_llx.o(.ARM.Collect$$_printf_percent$$00000011)
    _printf_l                                0x080001cb   Thumb Code     0  _printf_l.o(.ARM.Collect$$_printf_percent$$00000012)
    _printf_c                                0x080001d5   Thumb Code     0  _printf_c.o(.ARM.Collect$$_printf_percent$$00000013)
    _printf_s                                0x080001db   Thumb Code     0  _printf_s.o(.ARM.Collect$$_printf_percent$$00000014)
    _printf_lc                               0x080001e1   Thumb Code     0  _printf_lc.o(.ARM.Collect$$_printf_percent$$00000015)
    _printf_ls                               0x080001e7   Thumb Code     0  _printf_ls.o(.ARM.Collect$$_printf_percent$$00000016)
    _printf_percent_end                      0x080001ed   Thumb Code     0  _printf_percent_end.o(.ARM.Collect$$_printf_percent$$00000017)
    __rt_lib_init                            0x080001f1   Thumb Code     0  libinit.o(.ARM.Collect$$libinit$$00000000)
    __rt_lib_init_fp_1                       0x080001f3   Thumb Code     0  libinit2.o(.ARM.Collect$$libinit$$00000002)
    __rt_lib_init_heap_1                     0x080001f3   Thumb Code     0  libinit2.o(.ARM.Collect$$libinit$$0000000A)
    __rt_lib_init_lc_common                  0x080001f3   Thumb Code     0  libinit2.o(.ARM.Collect$$libinit$$0000000F)
    __rt_lib_init_preinit_1                  0x080001f3   Thumb Code     0  libinit2.o(.ARM.Collect$$libinit$$00000004)
    __rt_lib_init_rand_1                     0x080001f3   Thumb Code     0  libinit2.o(.ARM.Collect$$libinit$$0000000E)
    __rt_lib_init_user_alloc_1               0x080001f3   Thumb Code     0  libinit2.o(.ARM.Collect$$libinit$$0000000C)
    __rt_lib_init_lc_collate_1               0x080001f9   Thumb Code     0  libinit2.o(.ARM.Collect$$libinit$$00000011)
    __rt_lib_init_lc_ctype_2                 0x080001f9   Thumb Code     0  libinit2.o(.ARM.Collect$$libinit$$00000012)
    __rt_lib_init_lc_ctype_1                 0x08000205   Thumb Code     0  libinit2.o(.ARM.Collect$$libinit$$00000013)
    __rt_lib_init_lc_monetary_1              0x08000205   Thumb Code     0  libinit2.o(.ARM.Collect$$libinit$$00000015)
    __rt_lib_init_lc_numeric_2               0x08000205   Thumb Code     0  libinit2.o(.ARM.Collect$$libinit$$00000016)
    __rt_lib_init_alloca_1                   0x0800020f   Thumb Code     0  libinit2.o(.ARM.Collect$$libinit$$0000002E)
    __rt_lib_init_argv_1                     0x0800020f   Thumb Code     0  libinit2.o(.ARM.Collect$$libinit$$0000002C)
    __rt_lib_init_atexit_1                   0x0800020f   Thumb Code     0  libinit2.o(.ARM.Collect$$libinit$$0000001B)
    __rt_lib_init_clock_1                    0x0800020f   Thumb Code     0  libinit2.o(.ARM.Collect$$libinit$$00000021)
    __rt_lib_init_cpp_1                      0x0800020f   Thumb Code     0  libinit2.o(.ARM.Collect$$libinit$$00000032)
    __rt_lib_init_exceptions_1               0x0800020f   Thumb Code     0  libinit2.o(.ARM.Collect$$libinit$$00000030)
    __rt_lib_init_fp_trap_1                  0x0800020f   Thumb Code     0  libinit2.o(.ARM.Collect$$libinit$$0000001F)
    __rt_lib_init_getenv_1                   0x0800020f   Thumb Code     0  libinit2.o(.ARM.Collect$$libinit$$00000023)
    __rt_lib_init_lc_numeric_1               0x0800020f   Thumb Code     0  libinit2.o(.ARM.Collect$$libinit$$00000017)
    __rt_lib_init_lc_time_1                  0x0800020f   Thumb Code     0  libinit2.o(.ARM.Collect$$libinit$$00000019)
    __rt_lib_init_return                     0x0800020f   Thumb Code     0  libinit2.o(.ARM.Collect$$libinit$$00000033)
    __rt_lib_init_signal_1                   0x0800020f   Thumb Code     0  libinit2.o(.ARM.Collect$$libinit$$0000001D)
    __rt_lib_init_stdio_1                    0x0800020f   Thumb Code     0  libinit2.o(.ARM.Collect$$libinit$$00000025)
    __rt_lib_shutdown                        0x08000211   Thumb Code     0  libshutdown.o(.ARM.Collect$$libshutdown$$00000000)
    __rt_lib_shutdown_cpp_1                  0x08000213   Thumb Code     0  libshutdown2.o(.ARM.Collect$$libshutdown$$00000002)
    __rt_lib_shutdown_fp_trap_1              0x08000213   Thumb Code     0  libshutdown2.o(.ARM.Collect$$libshutdown$$00000007)
    __rt_lib_shutdown_heap_1                 0x08000213   Thumb Code     0  libshutdown2.o(.ARM.Collect$$libshutdown$$0000000F)
    __rt_lib_shutdown_return                 0x08000213   Thumb Code     0  libshutdown2.o(.ARM.Collect$$libshutdown$$00000010)
    __rt_lib_shutdown_signal_1               0x08000213   Thumb Code     0  libshutdown2.o(.ARM.Collect$$libshutdown$$0000000A)
    __rt_lib_shutdown_stdio_1                0x08000213   Thumb Code     0  libshutdown2.o(.ARM.Collect$$libshutdown$$00000004)
    __rt_lib_shutdown_user_alloc_1           0x08000213   Thumb Code     0  libshutdown2.o(.ARM.Collect$$libshutdown$$0000000C)
    __rt_entry                               0x08000215   Thumb Code     0  __rtentry.o(.ARM.Collect$$rtentry$$00000000)
    __rt_entry_presh_1                       0x08000215   Thumb Code     0  __rtentry2.o(.ARM.Collect$$rtentry$$00000002)
    __rt_entry_sh                            0x08000215   Thumb Code     0  __rtentry4.o(.ARM.Collect$$rtentry$$00000004)
    __rt_entry_li                            0x0800021b   Thumb Code     0  __rtentry2.o(.ARM.Collect$$rtentry$$0000000A)
    __rt_entry_postsh_1                      0x0800021b   Thumb Code     0  __rtentry2.o(.ARM.Collect$$rtentry$$00000009)
    __rt_entry_main                          0x0800021f   Thumb Code     0  __rtentry2.o(.ARM.Collect$$rtentry$$0000000D)
    __rt_entry_postli_1                      0x0800021f   Thumb Code     0  __rtentry2.o(.ARM.Collect$$rtentry$$0000000C)
    __rt_exit                                0x08000227   Thumb Code     0  rtexit.o(.ARM.Collect$$rtexit$$00000000)
    __rt_exit_ls                             0x08000229   Thumb Code     0  rtexit2.o(.ARM.Collect$$rtexit$$00000003)
    __rt_exit_prels_1                        0x08000229   Thumb Code     0  rtexit2.o(.ARM.Collect$$rtexit$$00000002)
    __rt_exit_exit                           0x0800022d   Thumb Code     0  rtexit2.o(.ARM.Collect$$rtexit$$00000004)
    Reset_Handler                            0x08000235   Thumb Code     8  startup_stm32f10x_md.o(.text)
    ADC1_2_IRQHandler                        0x0800024f   Thumb Code     0  startup_stm32f10x_md.o(.text)
    CAN1_RX1_IRQHandler                      0x0800024f   Thumb Code     0  startup_stm32f10x_md.o(.text)
    CAN1_SCE_IRQHandler                      0x0800024f   Thumb Code     0  startup_stm32f10x_md.o(.text)
    DMA1_Channel1_IRQHandler                 0x0800024f   Thumb Code     0  startup_stm32f10x_md.o(.text)
    DMA1_Channel2_IRQHandler                 0x0800024f   Thumb Code     0  startup_stm32f10x_md.o(.text)
    DMA1_Channel3_IRQHandler                 0x0800024f   Thumb Code     0  startup_stm32f10x_md.o(.text)
    DMA1_Channel4_IRQHandler                 0x0800024f   Thumb Code     0  startup_stm32f10x_md.o(.text)
    DMA1_Channel5_IRQHandler                 0x0800024f   Thumb Code     0  startup_stm32f10x_md.o(.text)
    DMA1_Channel6_IRQHandler                 0x0800024f   Thumb Code     0  startup_stm32f10x_md.o(.text)
    DMA1_Channel7_IRQHandler                 0x0800024f   Thumb Code     0  startup_stm32f10x_md.o(.text)
    EXTI0_IRQHandler                         0x0800024f   Thumb Code     0  startup_stm32f10x_md.o(.text)
    EXTI15_10_IRQHandler                     0x0800024f   Thumb Code     0  startup_stm32f10x_md.o(.text)
    EXTI1_IRQHandler                         0x0800024f   Thumb Code     0  startup_stm32f10x_md.o(.text)
    EXTI2_IRQHandler                         0x0800024f   Thumb Code     0  startup_stm32f10x_md.o(.text)
    EXTI3_IRQHandler                         0x0800024f   Thumb Code     0  startup_stm32f10x_md.o(.text)
    EXTI4_IRQHandler                         0x0800024f   Thumb Code     0  startup_stm32f10x_md.o(.text)
    EXTI9_5_IRQHandler                       0x0800024f   Thumb Code     0  startup_stm32f10x_md.o(.text)
    FLASH_IRQHandler                         0x0800024f   Thumb Code     0  startup_stm32f10x_md.o(.text)
    I2C1_ER_IRQHandler                       0x0800024f   Thumb Code     0  startup_stm32f10x_md.o(.text)
    I2C1_EV_IRQHandler                       0x0800024f   Thumb Code     0  startup_stm32f10x_md.o(.text)
    I2C2_ER_IRQHandler                       0x0800024f   Thumb Code     0  startup_stm32f10x_md.o(.text)
    I2C2_EV_IRQHandler                       0x0800024f   Thumb Code     0  startup_stm32f10x_md.o(.text)
    PVD_IRQHandler                           0x0800024f   Thumb Code     0  startup_stm32f10x_md.o(.text)
    RCC_IRQHandler                           0x0800024f   Thumb Code     0  startup_stm32f10x_md.o(.text)
    RTCAlarm_IRQHandler                      0x0800024f   Thumb Code     0  startup_stm32f10x_md.o(.text)
    RTC_IRQHandler                           0x0800024f   Thumb Code     0  startup_stm32f10x_md.o(.text)
    SPI1_IRQHandler                          0x0800024f   Thumb Code     0  startup_stm32f10x_md.o(.text)
    SPI2_IRQHandler                          0x0800024f   Thumb Code     0  startup_stm32f10x_md.o(.text)
    TAMPER_IRQHandler                        0x0800024f   Thumb Code     0  startup_stm32f10x_md.o(.text)
    TIM1_BRK_IRQHandler                      0x0800024f   Thumb Code     0  startup_stm32f10x_md.o(.text)
    TIM1_CC_IRQHandler                       0x0800024f   Thumb Code     0  startup_stm32f10x_md.o(.text)
    TIM1_TRG_COM_IRQHandler                  0x0800024f   Thumb Code     0  startup_stm32f10x_md.o(.text)
    TIM1_UP_IRQHandler                       0x0800024f   Thumb Code     0  startup_stm32f10x_md.o(.text)
    TIM3_IRQHandler                          0x0800024f   Thumb Code     0  startup_stm32f10x_md.o(.text)
    TIM4_IRQHandler                          0x0800024f   Thumb Code     0  startup_stm32f10x_md.o(.text)
    USART2_IRQHandler                        0x0800024f   Thumb Code     0  startup_stm32f10x_md.o(.text)
    USART3_IRQHandler                        0x0800024f   Thumb Code     0  startup_stm32f10x_md.o(.text)
    USBWakeUp_IRQHandler                     0x0800024f   Thumb Code     0  startup_stm32f10x_md.o(.text)
    USB_HP_CAN1_TX_IRQHandler                0x0800024f   Thumb Code     0  startup_stm32f10x_md.o(.text)
    USB_LP_CAN1_RX0_IRQHandler               0x0800024f   Thumb Code     0  startup_stm32f10x_md.o(.text)
    WWDG_IRQHandler                          0x0800024f   Thumb Code     0  startup_stm32f10x_md.o(.text)
    __user_initial_stackheap                 0x08000251   Thumb Code     0  startup_stm32f10x_md.o(.text)
    SystemInit                               0x08000353   Thumb Code    78  system_stm32f10x.o(.text)
    SystemCoreClockUpdate                    0x080003a1   Thumb Code   142  system_stm32f10x.o(.text)
    MPU6050_AngleSolve                       0x08000455   Thumb Code   564  main.o(.text)
    main                                     0x08000689   Thumb Code   332  main.o(.text)
    TIM2_IRQHandler                          0x080007d5   Thumb Code    44  main.o(.text)
    NMI_Handler                              0x08000899   Thumb Code     2  stm32f10x_it.o(.text)
    HardFault_Handler                        0x0800089b   Thumb Code     4  stm32f10x_it.o(.text)
    MemManage_Handler                        0x0800089f   Thumb Code     4  stm32f10x_it.o(.text)
    BusFault_Handler                         0x080008a3   Thumb Code     4  stm32f10x_it.o(.text)
    UsageFault_Handler                       0x080008a7   Thumb Code     4  stm32f10x_it.o(.text)
    SVC_Handler                              0x080008ab   Thumb Code     2  stm32f10x_it.o(.text)
    DebugMon_Handler                         0x080008ad   Thumb Code     2  stm32f10x_it.o(.text)
    PendSV_Handler                           0x080008af   Thumb Code     2  stm32f10x_it.o(.text)
    SysTick_Handler                          0x080008b1   Thumb Code     2  stm32f10x_it.o(.text)
    NVIC_PriorityGroupConfig                 0x080008b5   Thumb Code    10  misc.o(.text)
    NVIC_Init                                0x080008bf   Thumb Code   100  misc.o(.text)
    NVIC_SetVectorTable                      0x08000923   Thumb Code    14  misc.o(.text)
    NVIC_SystemLPConfig                      0x08000931   Thumb Code    34  misc.o(.text)
    SysTick_CLKSourceConfig                  0x08000953   Thumb Code    40  misc.o(.text)
    GPIO_DeInit                              0x08000991   Thumb Code   172  stm32f10x_gpio.o(.text)
    GPIO_AFIODeInit                          0x08000a3d   Thumb Code    20  stm32f10x_gpio.o(.text)
    GPIO_Init                                0x08000a51   Thumb Code   278  stm32f10x_gpio.o(.text)
    GPIO_StructInit                          0x08000b67   Thumb Code    16  stm32f10x_gpio.o(.text)
    GPIO_ReadInputDataBit                    0x08000b77   Thumb Code    18  stm32f10x_gpio.o(.text)
    GPIO_ReadInputData                       0x08000b89   Thumb Code     8  stm32f10x_gpio.o(.text)
    GPIO_ReadOutputDataBit                   0x08000b91   Thumb Code    18  stm32f10x_gpio.o(.text)
    GPIO_ReadOutputData                      0x08000ba3   Thumb Code     8  stm32f10x_gpio.o(.text)
    GPIO_SetBits                             0x08000bab   Thumb Code     4  stm32f10x_gpio.o(.text)
    GPIO_ResetBits                           0x08000baf   Thumb Code     4  stm32f10x_gpio.o(.text)
    GPIO_WriteBit                            0x08000bb3   Thumb Code    10  stm32f10x_gpio.o(.text)
    GPIO_Write                               0x08000bbd   Thumb Code     4  stm32f10x_gpio.o(.text)
    GPIO_PinLockConfig                       0x08000bc1   Thumb Code    18  stm32f10x_gpio.o(.text)
    GPIO_EventOutputConfig                   0x08000bd3   Thumb Code    26  stm32f10x_gpio.o(.text)
    GPIO_EventOutputCmd                      0x08000bed   Thumb Code     6  stm32f10x_gpio.o(.text)
    GPIO_PinRemapConfig                      0x08000bf3   Thumb Code   138  stm32f10x_gpio.o(.text)
    GPIO_EXTILineConfig                      0x08000c7d   Thumb Code    66  stm32f10x_gpio.o(.text)
    GPIO_ETH_MediaInterfaceConfig            0x08000cbf   Thumb Code     8  stm32f10x_gpio.o(.text)
    I2C_DeInit                               0x08000ced   Thumb Code    50  stm32f10x_i2c.o(.text)
    I2C_Init                                 0x08000d1f   Thumb Code   222  stm32f10x_i2c.o(.text)
    I2C_StructInit                           0x08000dfd   Thumb Code    30  stm32f10x_i2c.o(.text)
    I2C_Cmd                                  0x08000e1b   Thumb Code    24  stm32f10x_i2c.o(.text)
    I2C_DMACmd                               0x08000e33   Thumb Code    24  stm32f10x_i2c.o(.text)
    I2C_DMALastTransferCmd                   0x08000e4b   Thumb Code    24  stm32f10x_i2c.o(.text)
    I2C_GenerateSTART                        0x08000e63   Thumb Code    24  stm32f10x_i2c.o(.text)
    I2C_GenerateSTOP                         0x08000e7b   Thumb Code    24  stm32f10x_i2c.o(.text)
    I2C_AcknowledgeConfig                    0x08000e93   Thumb Code    24  stm32f10x_i2c.o(.text)
    I2C_OwnAddress2Config                    0x08000eab   Thumb Code    22  stm32f10x_i2c.o(.text)
    I2C_DualAddressCmd                       0x08000ec1   Thumb Code    24  stm32f10x_i2c.o(.text)
    I2C_GeneralCallCmd                       0x08000ed9   Thumb Code    24  stm32f10x_i2c.o(.text)
    I2C_ITConfig                             0x08000ef1   Thumb Code    18  stm32f10x_i2c.o(.text)
    I2C_SendData                             0x08000f03   Thumb Code     4  stm32f10x_i2c.o(.text)
    I2C_ReceiveData                          0x08000f07   Thumb Code     8  stm32f10x_i2c.o(.text)
    I2C_Send7bitAddress                      0x08000f0f   Thumb Code    18  stm32f10x_i2c.o(.text)
    I2C_ReadRegister                         0x08000f21   Thumb Code    22  stm32f10x_i2c.o(.text)
    I2C_SoftwareResetCmd                     0x08000f37   Thumb Code    22  stm32f10x_i2c.o(.text)
    I2C_NACKPositionConfig                   0x08000f4d   Thumb Code    28  stm32f10x_i2c.o(.text)
    I2C_SMBusAlertConfig                     0x08000f69   Thumb Code    28  stm32f10x_i2c.o(.text)
    I2C_TransmitPEC                          0x08000f85   Thumb Code    24  stm32f10x_i2c.o(.text)
    I2C_PECPositionConfig                    0x08000f9d   Thumb Code    28  stm32f10x_i2c.o(.text)
    I2C_CalculatePEC                         0x08000fb9   Thumb Code    24  stm32f10x_i2c.o(.text)
    I2C_GetPEC                               0x08000fd1   Thumb Code     8  stm32f10x_i2c.o(.text)
    I2C_ARPCmd                               0x08000fd9   Thumb Code    24  stm32f10x_i2c.o(.text)
    I2C_StretchClockCmd                      0x08000ff1   Thumb Code    24  stm32f10x_i2c.o(.text)
    I2C_FastModeDutyCycleConfig              0x08001009   Thumb Code    28  stm32f10x_i2c.o(.text)
    I2C_CheckEvent                           0x08001025   Thumb Code    42  stm32f10x_i2c.o(.text)
    I2C_GetLastEvent                         0x0800104f   Thumb Code    26  stm32f10x_i2c.o(.text)
    I2C_GetFlagStatus                        0x08001069   Thumb Code    58  stm32f10x_i2c.o(.text)
    I2C_ClearFlag                            0x080010a3   Thumb Code    12  stm32f10x_i2c.o(.text)
    I2C_GetITStatus                          0x080010af   Thumb Code    54  stm32f10x_i2c.o(.text)
    I2C_ClearITPendingBit                    0x080010e5   Thumb Code    12  stm32f10x_i2c.o(.text)
    RCC_DeInit                               0x080010f1   Thumb Code    64  stm32f10x_rcc.o(.text)
    RCC_HSEConfig                            0x08001131   Thumb Code    70  stm32f10x_rcc.o(.text)
    RCC_GetFlagStatus                        0x08001177   Thumb Code    56  stm32f10x_rcc.o(.text)
    RCC_WaitForHSEStartUp                    0x080011af   Thumb Code    56  stm32f10x_rcc.o(.text)
    RCC_AdjustHSICalibrationValue            0x080011e7   Thumb Code    20  stm32f10x_rcc.o(.text)
    RCC_HSICmd                               0x080011fb   Thumb Code     6  stm32f10x_rcc.o(.text)
    RCC_PLLConfig                            0x08001201   Thumb Code    24  stm32f10x_rcc.o(.text)
    RCC_PLLCmd                               0x08001219   Thumb Code     6  stm32f10x_rcc.o(.text)
    RCC_SYSCLKConfig                         0x0800121f   Thumb Code    18  stm32f10x_rcc.o(.text)
    RCC_GetSYSCLKSource                      0x08001231   Thumb Code    10  stm32f10x_rcc.o(.text)
    RCC_HCLKConfig                           0x0800123b   Thumb Code    18  stm32f10x_rcc.o(.text)
    RCC_PCLK1Config                          0x0800124d   Thumb Code    18  stm32f10x_rcc.o(.text)
    RCC_PCLK2Config                          0x0800125f   Thumb Code    20  stm32f10x_rcc.o(.text)
    RCC_ITConfig                             0x08001273   Thumb Code    26  stm32f10x_rcc.o(.text)
    RCC_USBCLKConfig                         0x0800128d   Thumb Code     8  stm32f10x_rcc.o(.text)
    RCC_ADCCLKConfig                         0x08001295   Thumb Code    18  stm32f10x_rcc.o(.text)
    RCC_LSEConfig                            0x080012a7   Thumb Code    50  stm32f10x_rcc.o(.text)
    RCC_LSICmd                               0x080012d9   Thumb Code     6  stm32f10x_rcc.o(.text)
    RCC_RTCCLKConfig                         0x080012df   Thumb Code    12  stm32f10x_rcc.o(.text)
    RCC_RTCCLKCmd                            0x080012eb   Thumb Code     8  stm32f10x_rcc.o(.text)
    RCC_GetClocksFreq                        0x080012f3   Thumb Code   192  stm32f10x_rcc.o(.text)
    RCC_AHBPeriphClockCmd                    0x080013b3   Thumb Code    26  stm32f10x_rcc.o(.text)
    RCC_APB2PeriphClockCmd                   0x080013cd   Thumb Code    26  stm32f10x_rcc.o(.text)
    RCC_APB1PeriphClockCmd                   0x080013e7   Thumb Code    26  stm32f10x_rcc.o(.text)
    RCC_APB2PeriphResetCmd                   0x08001401   Thumb Code    26  stm32f10x_rcc.o(.text)
    RCC_APB1PeriphResetCmd                   0x0800141b   Thumb Code    26  stm32f10x_rcc.o(.text)
    RCC_BackupResetCmd                       0x08001435   Thumb Code     8  stm32f10x_rcc.o(.text)
    RCC_ClockSecuritySystemCmd               0x0800143d   Thumb Code     6  stm32f10x_rcc.o(.text)
    RCC_MCOConfig                            0x08001443   Thumb Code     6  stm32f10x_rcc.o(.text)
    RCC_ClearFlag                            0x08001449   Thumb Code    14  stm32f10x_rcc.o(.text)
    RCC_GetITStatus                          0x08001457   Thumb Code    20  stm32f10x_rcc.o(.text)
    RCC_ClearITPendingBit                    0x0800146b   Thumb Code     6  stm32f10x_rcc.o(.text)
    TIM_DeInit                               0x08001495   Thumb Code   424  stm32f10x_tim.o(.text)
    TIM_TimeBaseInit                         0x0800163d   Thumb Code   122  stm32f10x_tim.o(.text)
    TIM_OC1Init                              0x080016b7   Thumb Code   132  stm32f10x_tim.o(.text)
    TIM_OC2Init                              0x0800173b   Thumb Code   154  stm32f10x_tim.o(.text)
    TIM_OC3Init                              0x080017d5   Thumb Code   150  stm32f10x_tim.o(.text)
    TIM_OC4Init                              0x0800186b   Thumb Code   182  stm32f10x_tim.o(.text)
    TIM_SetIC4Prescaler                      0x08001921   Thumb Code    26  stm32f10x_tim.o(.text)
    TIM_SetIC3Prescaler                      0x080019bd   Thumb Code    18  stm32f10x_tim.o(.text)
    TIM_SetIC2Prescaler                      0x08001a49   Thumb Code    26  stm32f10x_tim.o(.text)
    TIM_SetIC1Prescaler                      0x08001ae5   Thumb Code    18  stm32f10x_tim.o(.text)
    TIM_ICInit                               0x08001b63   Thumb Code   150  stm32f10x_tim.o(.text)
    TIM_PWMIConfig                           0x08001bf9   Thumb Code   124  stm32f10x_tim.o(.text)
    TIM_BDTRConfig                           0x08001c75   Thumb Code    32  stm32f10x_tim.o(.text)
    TIM_TimeBaseStructInit                   0x08001c95   Thumb Code    18  stm32f10x_tim.o(.text)
    TIM_OCStructInit                         0x08001ca7   Thumb Code    20  stm32f10x_tim.o(.text)
    TIM_ICStructInit                         0x08001cbb   Thumb Code    18  stm32f10x_tim.o(.text)
    TIM_BDTRStructInit                       0x08001ccd   Thumb Code    40  stm32f10x_tim.o(.text)
    TIM_Cmd                                  0x08001cf5   Thumb Code    24  stm32f10x_tim.o(.text)
    TIM_CtrlPWMOutputs                       0x08001d0d   Thumb Code    30  stm32f10x_tim.o(.text)
    TIM_ITConfig                             0x08001d2b   Thumb Code    18  stm32f10x_tim.o(.text)
    TIM_GenerateEvent                        0x08001d3d   Thumb Code     4  stm32f10x_tim.o(.text)
    TIM_DMAConfig                            0x08001d41   Thumb Code    10  stm32f10x_tim.o(.text)
    TIM_DMACmd                               0x08001d4b   Thumb Code    18  stm32f10x_tim.o(.text)
    TIM_InternalClockConfig                  0x08001d5d   Thumb Code    12  stm32f10x_tim.o(.text)
    TIM_SelectInputTrigger                   0x08001d69   Thumb Code    18  stm32f10x_tim.o(.text)
    TIM_ITRxExternalClockConfig              0x08001d7b   Thumb Code    24  stm32f10x_tim.o(.text)
    TIM_TIxExternalClockConfig               0x08001d93   Thumb Code    62  stm32f10x_tim.o(.text)
    TIM_ETRConfig                            0x08001dd1   Thumb Code    28  stm32f10x_tim.o(.text)
    TIM_ETRClockMode1Config                  0x08001ded   Thumb Code    54  stm32f10x_tim.o(.text)
    TIM_ETRClockMode2Config                  0x08001e23   Thumb Code    32  stm32f10x_tim.o(.text)
    TIM_PrescalerConfig                      0x08001e43   Thumb Code     6  stm32f10x_tim.o(.text)
    TIM_CounterModeConfig                    0x08001e49   Thumb Code    18  stm32f10x_tim.o(.text)
    TIM_EncoderInterfaceConfig               0x08001e5b   Thumb Code    66  stm32f10x_tim.o(.text)
    TIM_ForcedOC1Config                      0x08001e9d   Thumb Code    18  stm32f10x_tim.o(.text)
    TIM_ForcedOC2Config                      0x08001eaf   Thumb Code    26  stm32f10x_tim.o(.text)
    TIM_ForcedOC3Config                      0x08001ec9   Thumb Code    18  stm32f10x_tim.o(.text)
    TIM_ForcedOC4Config                      0x08001edb   Thumb Code    26  stm32f10x_tim.o(.text)
    TIM_ARRPreloadConfig                     0x08001ef5   Thumb Code    24  stm32f10x_tim.o(.text)
    TIM_SelectCOM                            0x08001f0d   Thumb Code    24  stm32f10x_tim.o(.text)
    TIM_SelectCCDMA                          0x08001f25   Thumb Code    24  stm32f10x_tim.o(.text)
    TIM_CCPreloadControl                     0x08001f3d   Thumb Code    24  stm32f10x_tim.o(.text)
    TIM_OC1PreloadConfig                     0x08001f55   Thumb Code    18  stm32f10x_tim.o(.text)
    TIM_OC2PreloadConfig                     0x08001f67   Thumb Code    26  stm32f10x_tim.o(.text)
    TIM_OC3PreloadConfig                     0x08001f81   Thumb Code    18  stm32f10x_tim.o(.text)
    TIM_OC4PreloadConfig                     0x08001f93   Thumb Code    26  stm32f10x_tim.o(.text)
    TIM_OC1FastConfig                        0x08001fad   Thumb Code    18  stm32f10x_tim.o(.text)
    TIM_OC2FastConfig                        0x08001fbf   Thumb Code    26  stm32f10x_tim.o(.text)
    TIM_OC3FastConfig                        0x08001fd9   Thumb Code    18  stm32f10x_tim.o(.text)
    TIM_OC4FastConfig                        0x08001feb   Thumb Code    26  stm32f10x_tim.o(.text)
    TIM_ClearOC1Ref                          0x08002005   Thumb Code    18  stm32f10x_tim.o(.text)
    TIM_ClearOC2Ref                          0x08002017   Thumb Code    24  stm32f10x_tim.o(.text)
    TIM_ClearOC3Ref                          0x0800202f   Thumb Code    18  stm32f10x_tim.o(.text)
    TIM_ClearOC4Ref                          0x08002041   Thumb Code    24  stm32f10x_tim.o(.text)
    TIM_OC1PolarityConfig                    0x08002059   Thumb Code    18  stm32f10x_tim.o(.text)
    TIM_OC1NPolarityConfig                   0x0800206b   Thumb Code    18  stm32f10x_tim.o(.text)
    TIM_OC2PolarityConfig                    0x0800207d   Thumb Code    26  stm32f10x_tim.o(.text)
    TIM_OC2NPolarityConfig                   0x08002097   Thumb Code    26  stm32f10x_tim.o(.text)
    TIM_OC3PolarityConfig                    0x080020b1   Thumb Code    26  stm32f10x_tim.o(.text)
    TIM_OC3NPolarityConfig                   0x080020cb   Thumb Code    26  stm32f10x_tim.o(.text)
    TIM_OC4PolarityConfig                    0x080020e5   Thumb Code    26  stm32f10x_tim.o(.text)
    TIM_CCxCmd                               0x080020ff   Thumb Code    30  stm32f10x_tim.o(.text)
    TIM_CCxNCmd                              0x0800211d   Thumb Code    30  stm32f10x_tim.o(.text)
    TIM_SelectOCxM                           0x0800213b   Thumb Code    82  stm32f10x_tim.o(.text)
    TIM_UpdateDisableConfig                  0x0800218d   Thumb Code    24  stm32f10x_tim.o(.text)
    TIM_UpdateRequestConfig                  0x080021a5   Thumb Code    24  stm32f10x_tim.o(.text)
    TIM_SelectHallSensor                     0x080021bd   Thumb Code    24  stm32f10x_tim.o(.text)
    TIM_SelectOnePulseMode                   0x080021d5   Thumb Code    18  stm32f10x_tim.o(.text)
    TIM_SelectOutputTrigger                  0x080021e7   Thumb Code    18  stm32f10x_tim.o(.text)
    TIM_SelectSlaveMode                      0x080021f9   Thumb Code    18  stm32f10x_tim.o(.text)
    TIM_SelectMasterSlaveMode                0x0800220b   Thumb Code    18  stm32f10x_tim.o(.text)
    TIM_SetCounter                           0x0800221d   Thumb Code     4  stm32f10x_tim.o(.text)
    TIM_SetAutoreload                        0x08002221   Thumb Code     4  stm32f10x_tim.o(.text)
    TIM_SetCompare1                          0x08002225   Thumb Code     4  stm32f10x_tim.o(.text)
    TIM_SetCompare2                          0x08002229   Thumb Code     4  stm32f10x_tim.o(.text)
    TIM_SetCompare3                          0x0800222d   Thumb Code     4  stm32f10x_tim.o(.text)
    TIM_SetCompare4                          0x08002231   Thumb Code     6  stm32f10x_tim.o(.text)
    TIM_SetClockDivision                     0x08002237   Thumb Code    18  stm32f10x_tim.o(.text)
    TIM_GetCapture1                          0x08002249   Thumb Code     6  stm32f10x_tim.o(.text)
    TIM_GetCapture2                          0x0800224f   Thumb Code     6  stm32f10x_tim.o(.text)
    TIM_GetCapture3                          0x08002255   Thumb Code     6  stm32f10x_tim.o(.text)
    TIM_GetCapture4                          0x0800225b   Thumb Code     8  stm32f10x_tim.o(.text)
    TIM_GetCounter                           0x08002263   Thumb Code     6  stm32f10x_tim.o(.text)
    TIM_GetPrescaler                         0x08002269   Thumb Code     6  stm32f10x_tim.o(.text)
    TIM_GetFlagStatus                        0x0800226f   Thumb Code    18  stm32f10x_tim.o(.text)
    TIM_ClearFlag                            0x08002281   Thumb Code     6  stm32f10x_tim.o(.text)
    TIM_GetITStatus                          0x08002287   Thumb Code    34  stm32f10x_tim.o(.text)
    TIM_ClearITPendingBit                    0x080022a9   Thumb Code     6  stm32f10x_tim.o(.text)
    USART_DeInit                             0x080022b1   Thumb Code   134  stm32f10x_usart.o(.text)
    USART_Init                               0x08002337   Thumb Code   210  stm32f10x_usart.o(.text)
    USART_StructInit                         0x08002409   Thumb Code    24  stm32f10x_usart.o(.text)
    USART_ClockInit                          0x08002421   Thumb Code    34  stm32f10x_usart.o(.text)
    USART_ClockStructInit                    0x08002443   Thumb Code    12  stm32f10x_usart.o(.text)
    USART_Cmd                                0x0800244f   Thumb Code    24  stm32f10x_usart.o(.text)
    USART_ITConfig                           0x08002467   Thumb Code    74  stm32f10x_usart.o(.text)
    USART_DMACmd                             0x080024b1   Thumb Code    18  stm32f10x_usart.o(.text)
    USART_SetAddress                         0x080024c3   Thumb Code    18  stm32f10x_usart.o(.text)
    USART_WakeUpConfig                       0x080024d5   Thumb Code    18  stm32f10x_usart.o(.text)
    USART_ReceiverWakeUpCmd                  0x080024e7   Thumb Code    24  stm32f10x_usart.o(.text)
    USART_LINBreakDetectLengthConfig         0x080024ff   Thumb Code    18  stm32f10x_usart.o(.text)
    USART_LINCmd                             0x08002511   Thumb Code    24  stm32f10x_usart.o(.text)
    USART_SendData                           0x08002529   Thumb Code     8  stm32f10x_usart.o(.text)
    USART_ReceiveData                        0x08002531   Thumb Code    10  stm32f10x_usart.o(.text)
    USART_SendBreak                          0x0800253b   Thumb Code    10  stm32f10x_usart.o(.text)
    USART_SetGuardTime                       0x08002545   Thumb Code    16  stm32f10x_usart.o(.text)
    USART_SetPrescaler                       0x08002555   Thumb Code    16  stm32f10x_usart.o(.text)
    USART_SmartCardCmd                       0x08002565   Thumb Code    24  stm32f10x_usart.o(.text)
    USART_SmartCardNACKCmd                   0x0800257d   Thumb Code    24  stm32f10x_usart.o(.text)
    USART_HalfDuplexCmd                      0x08002595   Thumb Code    24  stm32f10x_usart.o(.text)
    USART_OverSampling8Cmd                   0x080025ad   Thumb Code    22  stm32f10x_usart.o(.text)
    USART_OneBitMethodCmd                    0x080025c3   Thumb Code    24  stm32f10x_usart.o(.text)
    USART_IrDAConfig                         0x080025db   Thumb Code    18  stm32f10x_usart.o(.text)
    USART_IrDACmd                            0x080025ed   Thumb Code    24  stm32f10x_usart.o(.text)
    USART_GetFlagStatus                      0x08002605   Thumb Code    26  stm32f10x_usart.o(.text)
    USART_ClearFlag                          0x0800261f   Thumb Code    18  stm32f10x_usart.o(.text)
    USART_GetITStatus                        0x08002631   Thumb Code    84  stm32f10x_usart.o(.text)
    USART_ClearITPendingBit                  0x08002685   Thumb Code    52  stm32f10x_usart.o(.text)
    Timer_Init                               0x080026b9   Thumb Code   122  timer.o(.text)
    KalmanFilter1D_Update                    0x08002733   Thumb Code   110  kf.o(.text)
    Madgwick_Init                            0x080027a1   Thumb Code     2  madgwick.o(.text)
    Madgwick_Update                          0x080027a3   Thumb Code  1946  madgwick.o(.text)
    Madgwick_QuatToPitch                     0x08002f3d   Thumb Code   102  madgwick.o(.text)
    Madgwick_QuatToRoll                      0x08002fa3   Thumb Code    52  madgwick.o(.text)
    Madgwick_QuatToYaw                       0x08002fd7   Thumb Code   118  madgwick.o(.text)
    MPU6050_WaitEvent                        0x08003059   Thumb Code    34  mpu6050.o(.text)
    MPU6050_WriteReg                         0x0800307b   Thumb Code    86  mpu6050.o(.text)
    MPU6050_ReadReg                          0x080030d1   Thumb Code   138  mpu6050.o(.text)
    MPU6050_Init                             0x0800315b   Thumb Code   166  mpu6050.o(.text)
    MPU6050_GetID                            0x08003201   Thumb Code    10  mpu6050.o(.text)
    MPU6050_GetData                          0x0800320b   Thumb Code   172  mpu6050.o(.text)
    MPU6050_DataInit                         0x080032b7   Thumb Code   216  mpu6050.o(.text)
    Serial_Init                              0x080033a9   Thumb Code   168  serial.o(.text)
    USART1_IRQHandler                        0x08003451   Thumb Code   138  serial.o(.text)
    Serial_SendByte                          0x080034db   Thumb Code    28  serial.o(.text)
    Serial_SendArray                         0x080034f7   Thumb Code    42  serial.o(.text)
    Serial_SendString                        0x08003521   Thumb Code    42  serial.o(.text)
    Serial_Pow                               0x0800354b   Thumb Code    20  serial.o(.text)
    Serial_SendNum                           0x0800355f   Thumb Code    74  serial.o(.text)
    fputc                                    0x080035a9   Thumb Code    16  serial.o(.text)
    Serial_Printf                            0x080035b9   Thumb Code    36  serial.o(.text)
    Serial_HeartBeat                         0x080035dd   Thumb Code    10  serial.o(.text)
    HeartBeat_Tick                           0x080035e7   Thumb Code    30  serial.o(.text)
    OLED_W_SCL                               0x08003629   Thumb Code    18  oled.o(.text)
    OLED_W_SDA                               0x0800363b   Thumb Code    18  oled.o(.text)
    OLED_GPIO_Init                           0x0800364d   Thumb Code    92  oled.o(.text)
    OLED_I2C_Start                           0x080036a9   Thumb Code    28  oled.o(.text)
    OLED_I2C_Stop                            0x080036c5   Thumb Code    22  oled.o(.text)
    OLED_I2C_SendByte                        0x080036db   Thumb Code    62  oled.o(.text)
    OLED_WriteCommand                        0x08003719   Thumb Code    32  oled.o(.text)
    OLED_WriteData                           0x08003739   Thumb Code    46  oled.o(.text)
    OLED_SetCursor                           0x08003767   Thumb Code    34  oled.o(.text)
    OLED_Update                              0x08003789   Thumb Code    36  oled.o(.text)
    OLED_Clear                               0x080037ad   Thumb Code    36  oled.o(.text)
    OLED_Init                                0x080037d1   Thumb Code   154  oled.o(.text)
    OLED_Pow                                 0x0800386b   Thumb Code    20  oled.o(.text)
    OLED_pnpoly                              0x0800387f   Thumb Code   140  oled.o(.text)
    OLED_IsInAngle                           0x0800390b   Thumb Code   110  oled.o(.text)
    OLED_UpdateArea                          0x08003979   Thumb Code   120  oled.o(.text)
    OLED_ClearArea                           0x080039f1   Thumb Code   164  oled.o(.text)
    OLED_Reverse                             0x08003a95   Thumb Code    46  oled.o(.text)
    OLED_ReverseArea                         0x08003ac3   Thumb Code   140  oled.o(.text)
    OLED_ShowImage                           0x08003b4f   Thumb Code   248  oled.o(.text)
    OLED_ShowChar                            0x08003c47   Thumb Code    74  oled.o(.text)
    OLED_ShowString                          0x08003c91   Thumb Code   442  oled.o(.text)
    OLED_ShowNum                             0x08003e4b   Thumb Code    98  oled.o(.text)
    OLED_ShowSignedNum                       0x08003ead   Thumb Code   112  oled.o(.text)
    OLED_ShowHexNum                          0x08003f1d   Thumb Code    96  oled.o(.text)
    OLED_ShowBinNum                          0x08003f7d   Thumb Code    70  oled.o(.text)
    OLED_ShowFloatNum                        0x08003fc3   Thumb Code   210  oled.o(.text)
    OLED_Printf                              0x08004095   Thumb Code    50  oled.o(.text)
    OLED_DrawPoint                           0x080040c7   Thumb Code    76  oled.o(.text)
    OLED_GetPoint                            0x08004113   Thumb Code    64  oled.o(.text)
    OLED_DrawLine                            0x08004153   Thumb Code   374  oled.o(.text)
    OLED_DrawRectangle                       0x080042c9   Thumb Code   142  oled.o(.text)
    OLED_DrawTriangle                        0x08004357   Thumb Code   232  oled.o(.text)
    OLED_DrawCircle                          0x0800443f   Thumb Code   356  oled.o(.text)
    OLED_DrawEllipse                         0x080045a3   Thumb Code   806  oled.o(.text)
    OLED_DrawArc                             0x080048c9   Thumb Code   624  oled.o(.text)
    vsprintf                                 0x08004b39   Thumb Code    32  vsprintf.o(.text)
    strcmp                                   0x08004b5d   Thumb Code   128  strcmpv7m.o(.text)
    __use_two_region_memory                  0x08004bdd   Thumb Code     2  heapauxi.o(.text)
    __rt_heap_escrow$2region                 0x08004bdf   Thumb Code     2  heapauxi.o(.text)
    __rt_heap_expand$2region                 0x08004be1   Thumb Code     2  heapauxi.o(.text)
    __read_errno                             0x08004be3   Thumb Code    10  _rserrno.o(.text)
    __set_errno                              0x08004bed   Thumb Code    12  _rserrno.o(.text)
    _printf_pre_padding                      0x08004bf9   Thumb Code    44  _printf_pad.o(.text)
    _printf_post_padding                     0x08004c25   Thumb Code    34  _printf_pad.o(.text)
    _printf_truncate_signed                  0x08004c47   Thumb Code    18  _printf_truncate.o(.text)
    _printf_truncate_unsigned                0x08004c59   Thumb Code    18  _printf_truncate.o(.text)
    _printf_str                              0x08004c6b   Thumb Code    82  _printf_str.o(.text)
    _printf_int_dec                          0x08004cbd   Thumb Code   104  _printf_dec.o(.text)
    _printf_charcount                        0x08004d35   Thumb Code    40  _printf_charcount.o(.text)
    _printf_char_common                      0x08004d67   Thumb Code    32  _printf_char_common.o(.text)
    _sputc                                   0x08004d8d   Thumb Code    10  _sputc.o(.text)
    _printf_wctomb                           0x08004d99   Thumb Code   182  _printf_wctomb.o(.text)
    _printf_longlong_dec                     0x08004e55   Thumb Code   108  _printf_longlong_dec.o(.text)
    _printf_longlong_oct                     0x08004ed1   Thumb Code    66  _printf_oct_int_ll.o(.text)
    _printf_int_oct                          0x08004f13   Thumb Code    24  _printf_oct_int_ll.o(.text)
    _printf_ll_oct                           0x08004f2b   Thumb Code    12  _printf_oct_int_ll.o(.text)
    _printf_longlong_hex                     0x08004f41   Thumb Code    86  _printf_hex_int_ll_ptr.o(.text)
    _printf_int_hex                          0x08004f97   Thumb Code    28  _printf_hex_int_ll_ptr.o(.text)
    _printf_ll_hex                           0x08004fb3   Thumb Code    12  _printf_hex_int_ll_ptr.o(.text)
    _printf_hex_ptr                          0x08004fbf   Thumb Code    18  _printf_hex_int_ll_ptr.o(.text)
    __printf                                 0x08004fd5   Thumb Code   388  __printf_flags_ss_wp.o(.text)
    __aeabi_errno_addr                       0x0800515d   Thumb Code     8  rt_errno_addr_intlibspace.o(.text)
    __errno$intlibspace                      0x0800515d   Thumb Code     0  rt_errno_addr_intlibspace.o(.text)
    __rt_errno_addr$intlibspace              0x0800515d   Thumb Code     0  rt_errno_addr_intlibspace.o(.text)
    _ll_udiv10                               0x08005165   Thumb Code   138  lludiv10.o(.text)
    _printf_int_common                       0x080051ef   Thumb Code   178  _printf_intcommon.o(.text)
    __lib_sel_fp_printf                      0x080052a1   Thumb Code     2  _printf_fp_dec.o(.text)
    _printf_fp_dec_real                      0x08005453   Thumb Code   620  _printf_fp_dec.o(.text)
    _printf_fp_hex_real                      0x080056c1   Thumb Code   756  _printf_fp_hex.o(.text)
    _printf_cs_common                        0x080059bd   Thumb Code    20  _printf_char.o(.text)
    _printf_char                             0x080059d1   Thumb Code    16  _printf_char.o(.text)
    _printf_string                           0x080059e1   Thumb Code     8  _printf_char.o(.text)
    _printf_lcs_common                       0x080059e9   Thumb Code    20  _printf_wchar.o(.text)
    _printf_wchar                            0x080059fd   Thumb Code    16  _printf_wchar.o(.text)
    _printf_wstring                          0x08005a0d   Thumb Code     8  _printf_wchar.o(.text)
    _wcrtomb                                 0x08005a15   Thumb Code    64  _wcrtomb.o(.text)
    __user_libspace                          0x08005a55   Thumb Code     8  libspace.o(.text)
    __user_perproc_libspace                  0x08005a55   Thumb Code     0  libspace.o(.text)
    __user_perthread_libspace                0x08005a55   Thumb Code     0  libspace.o(.text)
    __user_setup_stackheap                   0x08005a5d   Thumb Code    74  sys_stackheap_outer.o(.text)
    __rt_ctype_table                         0x08005aa9   Thumb Code    16  rt_ctype_table.o(.text)
    __rt_locale                              0x08005ab9   Thumb Code     8  rt_locale_intlibspace.o(.text)
    _printf_fp_infnan                        0x08005ac1   Thumb Code   112  _printf_fp_infnan.o(.text)
    _btod_etento                             0x08005b41   Thumb Code   224  bigflt0.o(.text)
    exit                                     0x08005c25   Thumb Code    18  exit.o(.text)
    _sys_exit                                0x08005c39   Thumb Code     8  sys_exit.o(.text)
    __I$use$semihosting                      0x08005c45   Thumb Code     0  use_no_semi.o(.text)
    __use_no_semihosting_swi                 0x08005c45   Thumb Code     2  use_no_semi.o(.text)
    __semihosting_library_function           0x08005c47   Thumb Code     0  indicate_semi.o(.text)
    _btod_d2e                                0x08005c47   Thumb Code    62  btod.o(CL$$btod_d2e)
    _d2e_denorm_low                          0x08005c85   Thumb Code    70  btod.o(CL$$btod_d2e_denorm_low)
    _d2e_norm_op1                            0x08005ccb   Thumb Code    96  btod.o(CL$$btod_d2e_norm_op1)
    __btod_div_common                        0x08005d2b   Thumb Code   696  btod.o(CL$$btod_div_common)
    _e2e                                     0x08006063   Thumb Code   220  btod.o(CL$$btod_e2e)
    _btod_ediv                               0x0800613f   Thumb Code    42  btod.o(CL$$btod_ediv)
    _btod_emul                               0x08006169   Thumb Code    42  btod.o(CL$$btod_emul)
    __btod_mult_common                       0x08006193   Thumb Code   580  btod.o(CL$$btod_mult_common)
    __ARM_fpclassify                         0x080063d7   Thumb Code    40  fpclassify.o(i.__ARM_fpclassify)
    __ARM_fpclassifyf                        0x080063ff   Thumb Code    38  fpclassifyf.o(i.__ARM_fpclassifyf)
    __kernel_poly                            0x08006425   Thumb Code   170  poly.o(i.__kernel_poly)
    __mathlib_dbl_infnan                     0x080064cf   Thumb Code     6  dunder.o(i.__mathlib_dbl_infnan)
    __mathlib_dbl_infnan2                    0x080064d5   Thumb Code     4  dunder.o(i.__mathlib_dbl_infnan2)
    __mathlib_dbl_underflow                  0x080064d9   Thumb Code    10  dunder.o(i.__mathlib_dbl_underflow)
    __mathlib_flt_infnan                     0x080064e9   Thumb Code     6  funder.o(i.__mathlib_flt_infnan)
    __mathlib_flt_infnan2                    0x080064ef   Thumb Code     4  funder.o(i.__mathlib_flt_infnan2)
    __mathlib_flt_invalid                    0x080064f3   Thumb Code     8  funder.o(i.__mathlib_flt_invalid)
    __mathlib_flt_underflow                  0x080064fb   Thumb Code    10  funder.o(i.__mathlib_flt_underflow)
    _is_digit                                0x08006505   Thumb Code    14  __printf_wp.o(i._is_digit)
    asinf                                    0x08006515   Thumb Code   254  asinf.o(i.asinf)
    atan                                     0x08006639   Thumb Code   474  atan.o(i.atan)
    atan2                                    0x08006859   Thumb Code   346  atan2.o(i.atan2)
    atan2f                                   0x080069d9   Thumb Code   528  atan2f.o(i.atan2f)
    round                                    0x08006c35   Thumb Code   136  round.o(i.round)
    sqrt                                     0x08006cc9   Thumb Code    76  sqrt.o(i.sqrt)
    sqrtf                                    0x08006d15   Thumb Code    44  sqrtf.o(i.sqrtf)
    _get_lc_numeric                          0x08006d41   Thumb Code    44  lc_numeric_c.o(locale$$code)
    _get_lc_ctype                            0x08006d6d   Thumb Code    44  lc_ctype_c.o(locale$$code)
    __aeabi_d2f                              0x08006d99   Thumb Code     0  d2f.o(x$fpl$d2f)
    _d2f                                     0x08006d99   Thumb Code    98  d2f.o(x$fpl$d2f)
    __aeabi_dadd                             0x08006dfd   Thumb Code     0  daddsub_clz.o(x$fpl$dadd)
    _dadd                                    0x08006dfd   Thumb Code   332  daddsub_clz.o(x$fpl$dadd)
    __fpl_dcheck_NaN1                        0x08006f4d   Thumb Code    10  dcheck1.o(x$fpl$dcheck1)
    __fpl_dcmp_Inf                           0x08006f5d   Thumb Code    24  dcmpi.o(x$fpl$dcmpinf)
    __aeabi_ddiv                             0x08006f75   Thumb Code     0  ddiv.o(x$fpl$ddiv)
    _ddiv                                    0x08006f75   Thumb Code   552  ddiv.o(x$fpl$ddiv)
    __aeabi_d2iz                             0x08007225   Thumb Code     0  dfix.o(x$fpl$dfix)
    _dfix                                    0x08007225   Thumb Code    94  dfix.o(x$fpl$dfix)
    __aeabi_d2uiz                            0x08007285   Thumb Code     0  dfixu.o(x$fpl$dfixu)
    _dfixu                                   0x08007285   Thumb Code    90  dfixu.o(x$fpl$dfixu)
    __aeabi_i2d                              0x080072df   Thumb Code     0  dflt_clz.o(x$fpl$dflt)
    _dflt                                    0x080072df   Thumb Code    46  dflt_clz.o(x$fpl$dflt)
    __aeabi_ui2d                             0x0800730d   Thumb Code     0  dflt_clz.o(x$fpl$dfltu)
    _dfltu                                   0x0800730d   Thumb Code    38  dflt_clz.o(x$fpl$dfltu)
    __aeabi_cdcmple                          0x08007335   Thumb Code     0  dleqf.o(x$fpl$dleqf)
    _dcmple                                  0x08007335   Thumb Code   120  dleqf.o(x$fpl$dleqf)
    __fpl_dcmple_InfNaN                      0x08007397   Thumb Code     0  dleqf.o(x$fpl$dleqf)
    __aeabi_dmul                             0x080073ad   Thumb Code     0  dmul.o(x$fpl$dmul)
    _dmul                                    0x080073ad   Thumb Code   332  dmul.o(x$fpl$dmul)
    __fpl_dnaninf                            0x08007501   Thumb Code   156  dnaninf.o(x$fpl$dnaninf)
    __fpl_dretinf                            0x0800759d   Thumb Code    12  dretinf.o(x$fpl$dretinf)
    __aeabi_cdrcmple                         0x080075a9   Thumb Code     0  drleqf.o(x$fpl$drleqf)
    _drcmple                                 0x080075a9   Thumb Code   108  drleqf.o(x$fpl$drleqf)
    _drnd                                    0x08007615   Thumb Code   180  drnd.o(x$fpl$drnd)
    __aeabi_drsub                            0x080076c9   Thumb Code     0  daddsub_clz.o(x$fpl$drsb)
    _drsb                                    0x080076c9   Thumb Code    22  daddsub_clz.o(x$fpl$drsb)
    _dsqrt                                   0x080076e1   Thumb Code   456  dsqrt_noumaal.o(x$fpl$dsqrt)
    __aeabi_dsub                             0x080078ad   Thumb Code     0  daddsub_clz.o(x$fpl$dsub)
    _dsub                                    0x080078ad   Thumb Code   464  daddsub_clz.o(x$fpl$dsub)
    __aeabi_f2d                              0x08007a81   Thumb Code     0  f2d.o(x$fpl$f2d)
    _f2d                                     0x08007a81   Thumb Code    86  f2d.o(x$fpl$f2d)
    __aeabi_fadd                             0x08007ad9   Thumb Code     0  faddsub_clz.o(x$fpl$fadd)
    _fadd                                    0x08007ad9   Thumb Code   196  faddsub_clz.o(x$fpl$fadd)
    __fpl_fcheck_NaN1                        0x08007b9d   Thumb Code     6  fcheck1.o(x$fpl$fcheck1)
    __fpl_fcmp_Inf                           0x08007ba9   Thumb Code    24  fcmpi.o(x$fpl$fcmpinf)
    __aeabi_fdiv                             0x08007bc1   Thumb Code     0  fdiv.o(x$fpl$fdiv)
    _fdiv                                    0x08007bc1   Thumb Code   384  fdiv.o(x$fpl$fdiv)
    __aeabi_i2f                              0x08007d45   Thumb Code     0  fflt_clz.o(x$fpl$fflt)
    _fflt                                    0x08007d45   Thumb Code    48  fflt_clz.o(x$fpl$fflt)
    __aeabi_cfcmple                          0x08007d75   Thumb Code     0  fleqf.o(x$fpl$fleqf)
    _fcmple                                  0x08007d75   Thumb Code   104  fleqf.o(x$fpl$fleqf)
    __fpl_fcmple_InfNaN                      0x08007dc7   Thumb Code     0  fleqf.o(x$fpl$fleqf)
    __aeabi_fmul                             0x08007ddd   Thumb Code     0  fmul.o(x$fpl$fmul)
    _fmul                                    0x08007ddd   Thumb Code   258  fmul.o(x$fpl$fmul)
    __fpl_fnaninf                            0x08007edf   Thumb Code   140  fnaninf.o(x$fpl$fnaninf)
    __fpl_fretinf                            0x08007f6b   Thumb Code    10  fretinf.o(x$fpl$fretinf)
    __aeabi_frsub                            0x08007f75   Thumb Code     0  faddsub_clz.o(x$fpl$frsb)
    _frsb                                    0x08007f75   Thumb Code    20  faddsub_clz.o(x$fpl$frsb)
    _fsqrt                                   0x08007f89   Thumb Code   272  fsqrt.o(x$fpl$fsqrt)
    __aeabi_fsub                             0x08008099   Thumb Code     0  faddsub_clz.o(x$fpl$fsub)
    _fsub                                    0x08008099   Thumb Code   234  faddsub_clz.o(x$fpl$fsub)
    _printf_fp_dec                           0x08008183   Thumb Code     4  printf1.o(x$fpl$printf1)
    _printf_fp_hex                           0x08008187   Thumb Code     4  printf2.o(x$fpl$printf2)
    __fpl_return_NaN                         0x0800818b   Thumb Code   100  retnan.o(x$fpl$retnan)
    __ARM_scalbn                             0x080081ef   Thumb Code    92  scalbn.o(x$fpl$scalbn)
    __ARM_scalbnf                            0x0800824b   Thumb Code    76  scalbnf.o(x$fpl$scalbnf)
    __fpl_cmpreturn                          0x08008297   Thumb Code    48  trapv.o(x$fpl$trapveneer)
    OLED_F8x16                               0x080082c6   Data        1520  oled_data.o(.constdata)
    __I$use$fp                               0x080082c6   Number         0  usenofp.o(x$fpl$usenofp)
    OLED_F6x8                                0x080088b6   Data         570  oled_data.o(.constdata)
    OLED_CF16x16                             0x08008af0   Data         259  oled_data.o(.constdata)
    Diode                                    0x08008bf3   Data          32  oled_data.o(.constdata)
    __mathlib_zero                           0x08008cf0   Data           8  qnan.o(.constdata)
    Region$$Table$$Base                      0x08008db4   Number         0  anon$$obj.o(Region$$Table)
    Region$$Table$$Limit                     0x08008dd4   Number         0  anon$$obj.o(Region$$Table)
    __ctype                                  0x08008dfd   Data           0  lc_ctype_c.o(locale$$data)
    SystemCoreClock                          0x20000000   Data           4  system_stm32f10x.o(.data)
    AHBPrescTable                            0x20000004   Data          16  system_stm32f10x.o(.data)
    KeyNum                                   0x20000014   Data           1  main.o(.data)
    AX                                       0x20000016   Data           2  main.o(.data)
    AY                                       0x20000018   Data           2  main.o(.data)
    AZ                                       0x2000001a   Data           2  main.o(.data)
    GX                                       0x2000001c   Data           2  main.o(.data)
    GY                                       0x2000001e   Data           2  main.o(.data)
    GZ                                       0x20000020   Data           2  main.o(.data)
    id                                       0x20000022   Data           1  main.o(.data)
    time                                     0x20000024   Data           2  main.o(.data)
    MPU6050_Init_Flag                        0x20000026   Data           1  main.o(.data)
    Yaw_g                                    0x20000028   Data           4  main.o(.data)
    Pitch_g                                  0x2000002c   Data           4  main.o(.data)
    Roll_g                                   0x20000030   Data           4  main.o(.data)
    Pitch_a                                  0x20000034   Data           4  main.o(.data)
    Roll_a                                   0x20000038   Data           4  main.o(.data)
    Yaw                                      0x2000003c   Data           4  main.o(.data)
    Pitch                                    0x20000040   Data           4  main.o(.data)
    Roll                                     0x20000044   Data           4  main.o(.data)
    rate                                     0x20000048   Data           4  main.o(.data)
    X                                        0x2000004c   Data          16  main.o(.data)
    Y                                        0x2000005c   Data          16  main.o(.data)
    Z                                        0x2000006c   Data          16  main.o(.data)
    MF                                       0x2000007c   Data          16  main.o(.data)
    MADGWICK_BETA                            0x200000a0   Data           4  madgwick.o(.data)
    Serial_RxFlag                            0x200000a6   Data           1  serial.o(.data)
    Result                                   0x200000ac   Data          24  main.o(.bss)
    Serial_RxPacket                          0x200000c4   Data         101  serial.o(.bss)
    OLED_DisplayBuf                          0x20000129   Data        1024  oled.o(.bss)
    __libspace_start                         0x2000052c   Data          96  libspace.o(.bss)
    __temporary_stack_top$libspace           0x2000058c   Data           0  libspace.o(.bss)



==============================================================================

Memory Map of the image

  Image Entry point : 0x080000ed

  Load Region LR_IROM1 (Base: 0x08000000, Size: 0x00008fac, Max: 0x00010000, ABSOLUTE)

    Execution Region ER_IROM1 (Exec base: 0x08000000, Load base: 0x08000000, Size: 0x00008f00, Max: 0x00010000, ABSOLUTE)

    Exec Addr    Load Addr    Size         Type   Attr      Idx    E Section Name        Object

    0x08000000   0x08000000   0x000000ec   Data   RO            3    RESET               startup_stm32f10x_md.o
    0x080000ec   0x080000ec   0x00000008   Code   RO          764  * !!!main             c_w.l(__main.o)
    0x080000f4   0x080000f4   0x00000034   Code   RO         1259    !!!scatter          c_w.l(__scatter.o)
    0x08000128   0x08000128   0x0000001a   Code   RO         1261    !!handler_copy      c_w.l(__scatter_copy.o)
    0x08000142   0x08000142   0x00000002   PAD
    0x08000144   0x08000144   0x0000001c   Code   RO         1263    !!handler_zi        c_w.l(__scatter_zi.o)
    0x08000160   0x08000160   0x00000000   Code   RO          938    .ARM.Collect$$_printf_percent$$00000000  c_w.l(_printf_percent.o)
    0x08000160   0x08000160   0x00000006   Code   RO          927    .ARM.Collect$$_printf_percent$$00000001  c_w.l(_printf_n.o)
    0x08000166   0x08000166   0x00000006   Code   RO          929    .ARM.Collect$$_printf_percent$$00000002  c_w.l(_printf_p.o)
    0x0800016c   0x0800016c   0x00000006   Code   RO          934    .ARM.Collect$$_printf_percent$$00000003  c_w.l(_printf_f.o)
    0x08000172   0x08000172   0x00000006   Code   RO          935    .ARM.Collect$$_printf_percent$$00000004  c_w.l(_printf_e.o)
    0x08000178   0x08000178   0x00000006   Code   RO          936    .ARM.Collect$$_printf_percent$$00000005  c_w.l(_printf_g.o)
    0x0800017e   0x0800017e   0x00000006   Code   RO          937    .ARM.Collect$$_printf_percent$$00000006  c_w.l(_printf_a.o)
    0x08000184   0x08000184   0x0000000a   Code   RO          942    .ARM.Collect$$_printf_percent$$00000007  c_w.l(_printf_ll.o)
    0x0800018e   0x0800018e   0x00000006   Code   RO          931    .ARM.Collect$$_printf_percent$$00000008  c_w.l(_printf_i.o)
    0x08000194   0x08000194   0x00000006   Code   RO          932    .ARM.Collect$$_printf_percent$$00000009  c_w.l(_printf_d.o)
    0x0800019a   0x0800019a   0x00000006   Code   RO          933    .ARM.Collect$$_printf_percent$$0000000A  c_w.l(_printf_u.o)
    0x080001a0   0x080001a0   0x00000006   Code   RO          930    .ARM.Collect$$_printf_percent$$0000000B  c_w.l(_printf_o.o)
    0x080001a6   0x080001a6   0x00000006   Code   RO          928    .ARM.Collect$$_printf_percent$$0000000C  c_w.l(_printf_x.o)
    0x080001ac   0x080001ac   0x00000006   Code   RO          939    .ARM.Collect$$_printf_percent$$0000000D  c_w.l(_printf_lli.o)
    0x080001b2   0x080001b2   0x00000006   Code   RO          940    .ARM.Collect$$_printf_percent$$0000000E  c_w.l(_printf_lld.o)
    0x080001b8   0x080001b8   0x00000006   Code   RO          941    .ARM.Collect$$_printf_percent$$0000000F  c_w.l(_printf_llu.o)
    0x080001be   0x080001be   0x00000006   Code   RO          946    .ARM.Collect$$_printf_percent$$00000010  c_w.l(_printf_llo.o)
    0x080001c4   0x080001c4   0x00000006   Code   RO          947    .ARM.Collect$$_printf_percent$$00000011  c_w.l(_printf_llx.o)
    0x080001ca   0x080001ca   0x0000000a   Code   RO          943    .ARM.Collect$$_printf_percent$$00000012  c_w.l(_printf_l.o)
    0x080001d4   0x080001d4   0x00000006   Code   RO          925    .ARM.Collect$$_printf_percent$$00000013  c_w.l(_printf_c.o)
    0x080001da   0x080001da   0x00000006   Code   RO          926    .ARM.Collect$$_printf_percent$$00000014  c_w.l(_printf_s.o)
    0x080001e0   0x080001e0   0x00000006   Code   RO          944    .ARM.Collect$$_printf_percent$$00000015  c_w.l(_printf_lc.o)
    0x080001e6   0x080001e6   0x00000006   Code   RO          945    .ARM.Collect$$_printf_percent$$00000016  c_w.l(_printf_ls.o)
    0x080001ec   0x080001ec   0x00000004   Code   RO         1059    .ARM.Collect$$_printf_percent$$00000017  c_w.l(_printf_percent_end.o)
    0x080001f0   0x080001f0   0x00000002   Code   RO         1121    .ARM.Collect$$libinit$$00000000  c_w.l(libinit.o)
    0x080001f2   0x080001f2   0x00000000   Code   RO         1134    .ARM.Collect$$libinit$$00000002  c_w.l(libinit2.o)
    0x080001f2   0x080001f2   0x00000000   Code   RO         1136    .ARM.Collect$$libinit$$00000004  c_w.l(libinit2.o)
    0x080001f2   0x080001f2   0x00000000   Code   RO         1139    .ARM.Collect$$libinit$$0000000A  c_w.l(libinit2.o)
    0x080001f2   0x080001f2   0x00000000   Code   RO         1141    .ARM.Collect$$libinit$$0000000C  c_w.l(libinit2.o)
    0x080001f2   0x080001f2   0x00000000   Code   RO         1143    .ARM.Collect$$libinit$$0000000E  c_w.l(libinit2.o)
    0x080001f2   0x080001f2   0x00000006   Code   RO         1144    .ARM.Collect$$libinit$$0000000F  c_w.l(libinit2.o)
    0x080001f8   0x080001f8   0x00000000   Code   RO         1146    .ARM.Collect$$libinit$$00000011  c_w.l(libinit2.o)
    0x080001f8   0x080001f8   0x0000000c   Code   RO         1147    .ARM.Collect$$libinit$$00000012  c_w.l(libinit2.o)
    0x08000204   0x08000204   0x00000000   Code   RO         1148    .ARM.Collect$$libinit$$00000013  c_w.l(libinit2.o)
    0x08000204   0x08000204   0x00000000   Code   RO         1150    .ARM.Collect$$libinit$$00000015  c_w.l(libinit2.o)
    0x08000204   0x08000204   0x0000000a   Code   RO         1151    .ARM.Collect$$libinit$$00000016  c_w.l(libinit2.o)
    0x0800020e   0x0800020e   0x00000000   Code   RO         1152    .ARM.Collect$$libinit$$00000017  c_w.l(libinit2.o)
    0x0800020e   0x0800020e   0x00000000   Code   RO         1154    .ARM.Collect$$libinit$$00000019  c_w.l(libinit2.o)
    0x0800020e   0x0800020e   0x00000000   Code   RO         1156    .ARM.Collect$$libinit$$0000001B  c_w.l(libinit2.o)
    0x0800020e   0x0800020e   0x00000000   Code   RO         1158    .ARM.Collect$$libinit$$0000001D  c_w.l(libinit2.o)
    0x0800020e   0x0800020e   0x00000000   Code   RO         1160    .ARM.Collect$$libinit$$0000001F  c_w.l(libinit2.o)
    0x0800020e   0x0800020e   0x00000000   Code   RO         1162    .ARM.Collect$$libinit$$00000021  c_w.l(libinit2.o)
    0x0800020e   0x0800020e   0x00000000   Code   RO         1164    .ARM.Collect$$libinit$$00000023  c_w.l(libinit2.o)
    0x0800020e   0x0800020e   0x00000000   Code   RO         1166    .ARM.Collect$$libinit$$00000025  c_w.l(libinit2.o)
    0x0800020e   0x0800020e   0x00000000   Code   RO         1170    .ARM.Collect$$libinit$$0000002C  c_w.l(libinit2.o)
    0x0800020e   0x0800020e   0x00000000   Code   RO         1172    .ARM.Collect$$libinit$$0000002E  c_w.l(libinit2.o)
    0x0800020e   0x0800020e   0x00000000   Code   RO         1174    .ARM.Collect$$libinit$$00000030  c_w.l(libinit2.o)
    0x0800020e   0x0800020e   0x00000000   Code   RO         1176    .ARM.Collect$$libinit$$00000032  c_w.l(libinit2.o)
    0x0800020e   0x0800020e   0x00000002   Code   RO         1177    .ARM.Collect$$libinit$$00000033  c_w.l(libinit2.o)
    0x08000210   0x08000210   0x00000002   Code   RO         1199    .ARM.Collect$$libshutdown$$00000000  c_w.l(libshutdown.o)
    0x08000212   0x08000212   0x00000000   Code   RO         1212    .ARM.Collect$$libshutdown$$00000002  c_w.l(libshutdown2.o)
    0x08000212   0x08000212   0x00000000   Code   RO         1214    .ARM.Collect$$libshutdown$$00000004  c_w.l(libshutdown2.o)
    0x08000212   0x08000212   0x00000000   Code   RO         1217    .ARM.Collect$$libshutdown$$00000007  c_w.l(libshutdown2.o)
    0x08000212   0x08000212   0x00000000   Code   RO         1220    .ARM.Collect$$libshutdown$$0000000A  c_w.l(libshutdown2.o)
    0x08000212   0x08000212   0x00000000   Code   RO         1222    .ARM.Collect$$libshutdown$$0000000C  c_w.l(libshutdown2.o)
    0x08000212   0x08000212   0x00000000   Code   RO         1225    .ARM.Collect$$libshutdown$$0000000F  c_w.l(libshutdown2.o)
    0x08000212   0x08000212   0x00000002   Code   RO         1226    .ARM.Collect$$libshutdown$$00000010  c_w.l(libshutdown2.o)
    0x08000214   0x08000214   0x00000000   Code   RO          854    .ARM.Collect$$rtentry$$00000000  c_w.l(__rtentry.o)
    0x08000214   0x08000214   0x00000000   Code   RO         1025    .ARM.Collect$$rtentry$$00000002  c_w.l(__rtentry2.o)
    0x08000214   0x08000214   0x00000006   Code   RO         1037    .ARM.Collect$$rtentry$$00000004  c_w.l(__rtentry4.o)
    0x0800021a   0x0800021a   0x00000000   Code   RO         1027    .ARM.Collect$$rtentry$$00000009  c_w.l(__rtentry2.o)
    0x0800021a   0x0800021a   0x00000004   Code   RO         1028    .ARM.Collect$$rtentry$$0000000A  c_w.l(__rtentry2.o)
    0x0800021e   0x0800021e   0x00000000   Code   RO         1030    .ARM.Collect$$rtentry$$0000000C  c_w.l(__rtentry2.o)
    0x0800021e   0x0800021e   0x00000008   Code   RO         1031    .ARM.Collect$$rtentry$$0000000D  c_w.l(__rtentry2.o)
    0x08000226   0x08000226   0x00000002   Code   RO         1128    .ARM.Collect$$rtexit$$00000000  c_w.l(rtexit.o)
    0x08000228   0x08000228   0x00000000   Code   RO         1181    .ARM.Collect$$rtexit$$00000002  c_w.l(rtexit2.o)
    0x08000228   0x08000228   0x00000004   Code   RO         1182    .ARM.Collect$$rtexit$$00000003  c_w.l(rtexit2.o)
    0x0800022c   0x0800022c   0x00000006   Code   RO         1183    .ARM.Collect$$rtexit$$00000004  c_w.l(rtexit2.o)
    0x08000232   0x08000232   0x00000002   PAD
    0x08000234   0x08000234   0x00000040   Code   RO            4    .text               startup_stm32f10x_md.o
    0x08000274   0x08000274   0x000001e0   Code   RO           24    .text               system_stm32f10x.o
    0x08000454   0x08000454   0x00000444   Code   RO          121    .text               main.o
    0x08000898   0x08000898   0x0000001a   Code   RO          206    .text               stm32f10x_it.o
    0x080008b2   0x080008b2   0x00000002   PAD
    0x080008b4   0x080008b4   0x000000dc   Code   RO          221    .text               misc.o
    0x08000990   0x08000990   0x0000035c   Code   RO          401    .text               stm32f10x_gpio.o
    0x08000cec   0x08000cec   0x00000404   Code   RO          416    .text               stm32f10x_i2c.o
    0x080010f0   0x080010f0   0x000003a4   Code   RO          461    .text               stm32f10x_rcc.o
    0x08001494   0x08001494   0x00000e1a   Code   RO          523    .text               stm32f10x_tim.o
    0x080022ae   0x080022ae   0x00000002   PAD
    0x080022b0   0x080022b0   0x00000408   Code   RO          538    .text               stm32f10x_usart.o
    0x080026b8   0x080026b8   0x0000007a   Code   RO          580    .text               timer.o
    0x08002732   0x08002732   0x0000006e   Code   RO          592    .text               kf.o
    0x080027a0   0x080027a0   0x000008b8   Code   RO          610    .text               madgwick.o
    0x08003058   0x08003058   0x00000350   Code   RO          676    .text               mpu6050.o
    0x080033a8   0x080033a8   0x00000280   Code   RO          692    .text               serial.o
    0x08003628   0x08003628   0x00001510   Code   RO          715    .text               oled.o
    0x08004b38   0x08004b38   0x00000024   Code   RO          758    .text               c_w.l(vsprintf.o)
    0x08004b5c   0x08004b5c   0x00000080   Code   RO          760    .text               c_w.l(strcmpv7m.o)
    0x08004bdc   0x08004bdc   0x00000006   Code   RO          762    .text               c_w.l(heapauxi.o)
    0x08004be2   0x08004be2   0x00000016   Code   RO          855    .text               c_w.l(_rserrno.o)
    0x08004bf8   0x08004bf8   0x0000004e   Code   RO          859    .text               c_w.l(_printf_pad.o)
    0x08004c46   0x08004c46   0x00000024   Code   RO          861    .text               c_w.l(_printf_truncate.o)
    0x08004c6a   0x08004c6a   0x00000052   Code   RO          863    .text               c_w.l(_printf_str.o)
    0x08004cbc   0x08004cbc   0x00000078   Code   RO          865    .text               c_w.l(_printf_dec.o)
    0x08004d34   0x08004d34   0x00000028   Code   RO          867    .text               c_w.l(_printf_charcount.o)
    0x08004d5c   0x08004d5c   0x00000030   Code   RO          869    .text               c_w.l(_printf_char_common.o)
    0x08004d8c   0x08004d8c   0x0000000a   Code   RO          871    .text               c_w.l(_sputc.o)
    0x08004d96   0x08004d96   0x00000002   PAD
    0x08004d98   0x08004d98   0x000000bc   Code   RO          873    .text               c_w.l(_printf_wctomb.o)
    0x08004e54   0x08004e54   0x0000007c   Code   RO          876    .text               c_w.l(_printf_longlong_dec.o)
    0x08004ed0   0x08004ed0   0x00000070   Code   RO          882    .text               c_w.l(_printf_oct_int_ll.o)
    0x08004f40   0x08004f40   0x00000094   Code   RO          902    .text               c_w.l(_printf_hex_int_ll_ptr.o)
    0x08004fd4   0x08004fd4   0x00000188   Code   RO          922    .text               c_w.l(__printf_flags_ss_wp.o)
    0x0800515c   0x0800515c   0x00000008   Code   RO         1042    .text               c_w.l(rt_errno_addr_intlibspace.o)
    0x08005164   0x08005164   0x0000008a   Code   RO         1044    .text               c_w.l(lludiv10.o)
    0x080051ee   0x080051ee   0x000000b2   Code   RO         1046    .text               c_w.l(_printf_intcommon.o)
    0x080052a0   0x080052a0   0x0000041e   Code   RO         1048    .text               c_w.l(_printf_fp_dec.o)
    0x080056be   0x080056be   0x00000002   PAD
    0x080056c0   0x080056c0   0x000002fc   Code   RO         1050    .text               c_w.l(_printf_fp_hex.o)
    0x080059bc   0x080059bc   0x0000002c   Code   RO         1055    .text               c_w.l(_printf_char.o)
    0x080059e8   0x080059e8   0x0000002c   Code   RO         1057    .text               c_w.l(_printf_wchar.o)
    0x08005a14   0x08005a14   0x00000040   Code   RO         1060    .text               c_w.l(_wcrtomb.o)
    0x08005a54   0x08005a54   0x00000008   Code   RO         1072    .text               c_w.l(libspace.o)
    0x08005a5c   0x08005a5c   0x0000004a   Code   RO         1075    .text               c_w.l(sys_stackheap_outer.o)
    0x08005aa6   0x08005aa6   0x00000002   PAD
    0x08005aa8   0x08005aa8   0x00000010   Code   RO         1077    .text               c_w.l(rt_ctype_table.o)
    0x08005ab8   0x08005ab8   0x00000008   Code   RO         1082    .text               c_w.l(rt_locale_intlibspace.o)
    0x08005ac0   0x08005ac0   0x00000080   Code   RO         1084    .text               c_w.l(_printf_fp_infnan.o)
    0x08005b40   0x08005b40   0x000000e4   Code   RO         1086    .text               c_w.l(bigflt0.o)
    0x08005c24   0x08005c24   0x00000012   Code   RO         1114    .text               c_w.l(exit.o)
    0x08005c36   0x08005c36   0x00000002   PAD
    0x08005c38   0x08005c38   0x0000000c   Code   RO         1191    .text               c_w.l(sys_exit.o)
    0x08005c44   0x08005c44   0x00000002   Code   RO         1202    .text               c_w.l(use_no_semi.o)
    0x08005c46   0x08005c46   0x00000000   Code   RO         1204    .text               c_w.l(indicate_semi.o)
    0x08005c46   0x08005c46   0x0000003e   Code   RO         1089    CL$$btod_d2e        c_w.l(btod.o)
    0x08005c84   0x08005c84   0x00000046   Code   RO         1091    CL$$btod_d2e_denorm_low  c_w.l(btod.o)
    0x08005cca   0x08005cca   0x00000060   Code   RO         1090    CL$$btod_d2e_norm_op1  c_w.l(btod.o)
    0x08005d2a   0x08005d2a   0x00000338   Code   RO         1099    CL$$btod_div_common  c_w.l(btod.o)
    0x08006062   0x08006062   0x000000dc   Code   RO         1096    CL$$btod_e2e        c_w.l(btod.o)
    0x0800613e   0x0800613e   0x0000002a   Code   RO         1093    CL$$btod_ediv       c_w.l(btod.o)
    0x08006168   0x08006168   0x0000002a   Code   RO         1092    CL$$btod_emul       c_w.l(btod.o)
    0x08006192   0x08006192   0x00000244   Code   RO         1098    CL$$btod_mult_common  c_w.l(btod.o)
    0x080063d6   0x080063d6   0x00000028   Code   RO         1068    i.__ARM_fpclassify  m_ws.l(fpclassify.o)
    0x080063fe   0x080063fe   0x00000026   Code   RO          999    i.__ARM_fpclassifyf  m_ws.l(fpclassifyf.o)
    0x08006424   0x08006424   0x000000aa   Code   RO         1070    i.__kernel_poly     m_ws.l(poly.o)
    0x080064ce   0x080064ce   0x00000006   Code   RO          986    i.__mathlib_dbl_infnan  m_ws.l(dunder.o)
    0x080064d4   0x080064d4   0x00000004   Code   RO          987    i.__mathlib_dbl_infnan2  m_ws.l(dunder.o)
    0x080064d8   0x080064d8   0x00000010   Code   RO          991    i.__mathlib_dbl_underflow  m_ws.l(dunder.o)
    0x080064e8   0x080064e8   0x00000006   Code   RO         1002    i.__mathlib_flt_infnan  m_ws.l(funder.o)
    0x080064ee   0x080064ee   0x00000004   Code   RO         1003    i.__mathlib_flt_infnan2  m_ws.l(funder.o)
    0x080064f2   0x080064f2   0x00000008   Code   RO         1004    i.__mathlib_flt_invalid  m_ws.l(funder.o)
    0x080064fa   0x080064fa   0x0000000a   Code   RO         1007    i.__mathlib_flt_underflow  m_ws.l(funder.o)
    0x08006504   0x08006504   0x0000000e   Code   RO          915    i._is_digit         c_w.l(__printf_wp.o)
    0x08006512   0x08006512   0x00000002   PAD
    0x08006514   0x08006514   0x00000124   Code   RO          821    i.asinf             m_ws.l(asinf.o)
    0x08006638   0x08006638   0x00000220   Code   RO          976    i.atan              m_ws.l(atan.o)
    0x08006858   0x08006858   0x00000180   Code   RO          829    i.atan2             m_ws.l(atan2.o)
    0x080069d8   0x080069d8   0x0000025c   Code   RO          837    i.atan2f            m_ws.l(atan2f.o)
    0x08006c34   0x08006c34   0x00000094   Code   RO          844    i.round             m_ws.l(round.o)
    0x08006cc8   0x08006cc8   0x0000004c   Code   RO          847    i.sqrt              m_ws.l(sqrt.o)
    0x08006d14   0x08006d14   0x0000002c   Code   RO         1017    i.sqrtf             m_ws.l(sqrtf.o)
    0x08006d40   0x08006d40   0x0000002c   Code   RO         1112    locale$$code        c_w.l(lc_numeric_c.o)
    0x08006d6c   0x08006d6c   0x0000002c   Code   RO         1131    locale$$code        c_w.l(lc_ctype_c.o)
    0x08006d98   0x08006d98   0x00000062   Code   RO          766    x$fpl$d2f           fz_ws.l(d2f.o)
    0x08006dfa   0x08006dfa   0x00000002   PAD
    0x08006dfc   0x08006dfc   0x00000150   Code   RO          768    x$fpl$dadd          fz_ws.l(daddsub_clz.o)
    0x08006f4c   0x08006f4c   0x00000010   Code   RO         1122    x$fpl$dcheck1       fz_ws.l(dcheck1.o)
    0x08006f5c   0x08006f5c   0x00000018   Code   RO          948    x$fpl$dcmpinf       fz_ws.l(dcmpi.o)
    0x08006f74   0x08006f74   0x000002b0   Code   RO          775    x$fpl$ddiv          fz_ws.l(ddiv.o)
    0x08007224   0x08007224   0x0000005e   Code   RO          778    x$fpl$dfix          fz_ws.l(dfix.o)
    0x08007282   0x08007282   0x00000002   PAD
    0x08007284   0x08007284   0x0000005a   Code   RO          782    x$fpl$dfixu         fz_ws.l(dfixu.o)
    0x080072de   0x080072de   0x0000002e   Code   RO          787    x$fpl$dflt          fz_ws.l(dflt_clz.o)
    0x0800730c   0x0800730c   0x00000026   Code   RO          786    x$fpl$dfltu         fz_ws.l(dflt_clz.o)
    0x08007332   0x08007332   0x00000002   PAD
    0x08007334   0x08007334   0x00000078   Code   RO          792    x$fpl$dleqf         fz_ws.l(dleqf.o)
    0x080073ac   0x080073ac   0x00000154   Code   RO          794    x$fpl$dmul          fz_ws.l(dmul.o)
    0x08007500   0x08007500   0x0000009c   Code   RO          950    x$fpl$dnaninf       fz_ws.l(dnaninf.o)
    0x0800759c   0x0800759c   0x0000000c   Code   RO          952    x$fpl$dretinf       fz_ws.l(dretinf.o)
    0x080075a8   0x080075a8   0x0000006c   Code   RO          796    x$fpl$drleqf        fz_ws.l(drleqf.o)
    0x08007614   0x08007614   0x000000b4   Code   RO          954    x$fpl$drnd          fz_ws.l(drnd.o)
    0x080076c8   0x080076c8   0x00000016   Code   RO          769    x$fpl$drsb          fz_ws.l(daddsub_clz.o)
    0x080076de   0x080076de   0x00000002   PAD
    0x080076e0   0x080076e0   0x000001cc   Code   RO          956    x$fpl$dsqrt         fz_ws.l(dsqrt_noumaal.o)
    0x080078ac   0x080078ac   0x000001d4   Code   RO          770    x$fpl$dsub          fz_ws.l(daddsub_clz.o)
    0x08007a80   0x08007a80   0x00000056   Code   RO          798    x$fpl$f2d           fz_ws.l(f2d.o)
    0x08007ad6   0x08007ad6   0x00000002   PAD
    0x08007ad8   0x08007ad8   0x000000c4   Code   RO          800    x$fpl$fadd          fz_ws.l(faddsub_clz.o)
    0x08007b9c   0x08007b9c   0x0000000c   Code   RO         1062    x$fpl$fcheck1       fz_ws.l(fcheck1.o)
    0x08007ba8   0x08007ba8   0x00000018   Code   RO          958    x$fpl$fcmpinf       fz_ws.l(fcmpi.o)
    0x08007bc0   0x08007bc0   0x00000184   Code   RO          807    x$fpl$fdiv          fz_ws.l(fdiv.o)
    0x08007d44   0x08007d44   0x00000030   Code   RO          811    x$fpl$fflt          fz_ws.l(fflt_clz.o)
    0x08007d74   0x08007d74   0x00000068   Code   RO          816    x$fpl$fleqf         fz_ws.l(fleqf.o)
    0x08007ddc   0x08007ddc   0x00000102   Code   RO          818    x$fpl$fmul          fz_ws.l(fmul.o)
    0x08007ede   0x08007ede   0x0000008c   Code   RO          960    x$fpl$fnaninf       fz_ws.l(fnaninf.o)
    0x08007f6a   0x08007f6a   0x0000000a   Code   RO          962    x$fpl$fretinf       fz_ws.l(fretinf.o)
    0x08007f74   0x08007f74   0x00000014   Code   RO          801    x$fpl$frsb          fz_ws.l(faddsub_clz.o)
    0x08007f88   0x08007f88   0x00000110   Code   RO         1064    x$fpl$fsqrt         fz_ws.l(fsqrt.o)
    0x08008098   0x08008098   0x000000ea   Code   RO          802    x$fpl$fsub          fz_ws.l(faddsub_clz.o)
    0x08008182   0x08008182   0x00000004   Code   RO          964    x$fpl$printf1       fz_ws.l(printf1.o)
    0x08008186   0x08008186   0x00000004   Code   RO          966    x$fpl$printf2       fz_ws.l(printf2.o)
    0x0800818a   0x0800818a   0x00000064   Code   RO         1126    x$fpl$retnan        fz_ws.l(retnan.o)
    0x080081ee   0x080081ee   0x0000005c   Code   RO         1066    x$fpl$scalbn        fz_ws.l(scalbn.o)
    0x0800824a   0x0800824a   0x0000004c   Code   RO          972    x$fpl$scalbnf       fz_ws.l(scalbnf.o)
    0x08008296   0x08008296   0x00000030   Code   RO         1178    x$fpl$trapveneer    fz_ws.l(trapv.o)
    0x080082c6   0x080082c6   0x00000000   Code   RO          974    x$fpl$usenofp       fz_ws.l(usenofp.o)
    0x080082c6   0x080082c6   0x0000094d   Data   RO          744    .constdata          oled_data.o
    0x08008c13   0x08008c13   0x00000001   PAD
    0x08008c14   0x08008c14   0x00000008   Data   RO          874    .constdata          c_w.l(_printf_wctomb.o)
    0x08008c1c   0x08008c1c   0x00000028   Data   RO          903    .constdata          c_w.l(_printf_hex_int_ll_ptr.o)
    0x08008c44   0x08008c44   0x00000011   Data   RO          923    .constdata          c_w.l(__printf_flags_ss_wp.o)
    0x08008c55   0x08008c55   0x00000003   PAD
    0x08008c58   0x08008c58   0x00000098   Data   RO          977    .constdata          m_ws.l(atan.o)
    0x08008cf0   0x08008cf0   0x00000008   Data   RO         1015    .constdata          m_ws.l(qnan.o)
    0x08008cf8   0x08008cf8   0x00000026   Data   RO         1051    .constdata          c_w.l(_printf_fp_hex.o)
    0x08008d1e   0x08008d1e   0x00000002   PAD
    0x08008d20   0x08008d20   0x00000094   Data   RO         1087    .constdata          c_w.l(bigflt0.o)
    0x08008db4   0x08008db4   0x00000020   Data   RO         1257    Region$$Table       anon$$obj.o
    0x08008dd4   0x08008dd4   0x0000001c   Data   RO         1111    locale$$data        c_w.l(lc_numeric_c.o)
    0x08008df0   0x08008df0   0x00000110   Data   RO         1130    locale$$data        c_w.l(lc_ctype_c.o)


    Execution Region RW_IRAM1 (Exec base: 0x20000000, Load base: 0x08008f00, Size: 0x00000b90, Max: 0x00005000, ABSOLUTE)

    Exec Addr    Load Addr    Size         Type   Attr      Idx    E Section Name        Object

    0x20000000   0x08008f00   0x00000014   Data   RW           25    .data               system_stm32f10x.o
    0x20000014   0x08008f14   0x00000078   Data   RW          123    .data               main.o
    0x2000008c   0x08008f8c   0x00000014   Data   RW          462    .data               stm32f10x_rcc.o
    0x200000a0   0x08008fa0   0x00000004   Data   RW          611    .data               madgwick.o
    0x200000a4   0x08008fa4   0x00000002   Data   RW          677    .data               mpu6050.o
    0x200000a6   0x08008fa6   0x00000004   Data   RW          694    .data               serial.o
    0x200000aa   0x08008faa   0x00000002   PAD
    0x200000ac        -       0x00000018   Zero   RW          122    .bss                main.o
    0x200000c4        -       0x00000065   Zero   RW          693    .bss                serial.o
    0x20000129        -       0x00000400   Zero   RW          716    .bss                oled.o
    0x20000529   0x08008faa   0x00000003   PAD
    0x2000052c        -       0x00000060   Zero   RW         1073    .bss                c_w.l(libspace.o)
    0x2000058c   0x08008faa   0x00000004   PAD
    0x20000590        -       0x00000200   Zero   RW            2    HEAP                startup_stm32f10x_md.o
    0x20000790        -       0x00000400   Zero   RW            1    STACK               startup_stm32f10x_md.o


==============================================================================

Image component sizes


      Code (inc. data)   RO Data    RW Data    ZI Data      Debug   Object Name

         0          0          0          0          0       4500   core_cm3.o
       110          0          0          0          0       1296   kf.o
      2232         24          0          4          0       3344   madgwick.o
      1092        152          0        120         24     206239   main.o
       220         22          0          0          0       3361   misc.o
       848         26          0          2          0       3053   mpu6050.o
      5392         52          0          0       1024      15327   oled.o
         0          0       2381          0          0       1070   oled_data.o
       640         36          0          4        101       5361   serial.o
        64         26        236          0       1536        812   startup_stm32f10x_md.o
       860         38          0          0          0      13973   stm32f10x_gpio.o
      1028         16          0          0          0      17063   stm32f10x_i2c.o
        26          0          0          0          0       1194   stm32f10x_it.o
       932         36          0         20          0      17512   stm32f10x_rcc.o
      3610         88          0          0          0      43072   stm32f10x_tim.o
      1032         22          0          0          0      14384   stm32f10x_usart.o
       480         38          0         20          0      53067   system_stm32f10x.o
       122          0          0          0          0        541   timer.o

    ----------------------------------------------------------------------
     18692        576       2650        172       2688     405169   Object Totals
         0          0         32          0          0          0   (incl. Generated)
         4          0          1          2          3          0   (incl. Padding)

    ----------------------------------------------------------------------

      Code (inc. data)   RO Data    RW Data    ZI Data      Debug   Library Member Name

         8          0          0          0          0         68   __main.o
       392          4         17          0          0         92   __printf_flags_ss_wp.o
        14          0          0          0          0         68   __printf_wp.o
         0          0          0          0          0          0   __rtentry.o
        12          0          0          0          0          0   __rtentry2.o
         6          0          0          0          0          0   __rtentry4.o
        52          8          0          0          0          0   __scatter.o
        26          0          0          0          0          0   __scatter_copy.o
        28          0          0          0          0          0   __scatter_zi.o
         6          0          0          0          0          0   _printf_a.o
         6          0          0          0          0          0   _printf_c.o
        44          0          0          0          0        108   _printf_char.o
        48          6          0          0          0         96   _printf_char_common.o
        40          0          0          0          0         68   _printf_charcount.o
         6          0          0          0          0          0   _printf_d.o
       120         16          0          0          0         92   _printf_dec.o
         6          0          0          0          0          0   _printf_e.o
         6          0          0          0          0          0   _printf_f.o
      1054          0          0          0          0        216   _printf_fp_dec.o
       764          8         38          0          0        100   _printf_fp_hex.o
       128         16          0          0          0         84   _printf_fp_infnan.o
         6          0          0          0          0          0   _printf_g.o
       148          4         40          0          0        160   _printf_hex_int_ll_ptr.o
         6          0          0          0          0          0   _printf_i.o
       178          0          0          0          0         88   _printf_intcommon.o
        10          0          0          0          0          0   _printf_l.o
         6          0          0          0          0          0   _printf_lc.o
        10          0          0          0          0          0   _printf_ll.o
         6          0          0          0          0          0   _printf_lld.o
         6          0          0          0          0          0   _printf_lli.o
         6          0          0          0          0          0   _printf_llo.o
         6          0          0          0          0          0   _printf_llu.o
         6          0          0          0          0          0   _printf_llx.o
       124         16          0          0          0         92   _printf_longlong_dec.o
         6          0          0          0          0          0   _printf_ls.o
         6          0          0          0          0          0   _printf_n.o
         6          0          0          0          0          0   _printf_o.o
       112         10          0          0          0        124   _printf_oct_int_ll.o
         6          0          0          0          0          0   _printf_p.o
        78          0          0          0          0        108   _printf_pad.o
         0          0          0          0          0          0   _printf_percent.o
         4          0          0          0          0          0   _printf_percent_end.o
         6          0          0          0          0          0   _printf_s.o
        82          0          0          0          0         80   _printf_str.o
        36          0          0          0          0         84   _printf_truncate.o
         6          0          0          0          0          0   _printf_u.o
        44          0          0          0          0        108   _printf_wchar.o
       188          6          8          0          0         92   _printf_wctomb.o
         6          0          0          0          0          0   _printf_x.o
        22          0          0          0          0        100   _rserrno.o
        10          0          0          0          0         68   _sputc.o
        64          0          0          0          0         92   _wcrtomb.o
       228          4        148          0          0         96   bigflt0.o
      1936        128          0          0          0        672   btod.o
        18          0          0          0          0         80   exit.o
         6          0          0          0          0        152   heapauxi.o
         0          0          0          0          0          0   indicate_semi.o
        44         10        272          0          0         76   lc_ctype_c.o
        44         10         28          0          0         76   lc_numeric_c.o
         2          0          0          0          0          0   libinit.o
        30          0          0          0          0          0   libinit2.o
         2          0          0          0          0          0   libshutdown.o
         2          0          0          0          0          0   libshutdown2.o
         8          4          0          0         96         68   libspace.o
       138          0          0          0          0         80   lludiv10.o
        16          4          0          0          0         76   rt_ctype_table.o
         8          4          0          0          0         68   rt_errno_addr_intlibspace.o
         8          4          0          0          0         68   rt_locale_intlibspace.o
         2          0          0          0          0          0   rtexit.o
        10          0          0          0          0          0   rtexit2.o
       128          0          0          0          0         68   strcmpv7m.o
        12          4          0          0          0         68   sys_exit.o
        74          0          0          0          0         80   sys_stackheap_outer.o
         2          0          0          0          0         68   use_no_semi.o
        36          4          0          0          0         76   vsprintf.o
        98          4          0          0          0         92   d2f.o
       826         16          0          0          0        348   daddsub_clz.o
        16          4          0          0          0         68   dcheck1.o
        24          0          0          0          0         68   dcmpi.o
       688        140          0          0          0        208   ddiv.o
        94          4          0          0          0         92   dfix.o
        90          4          0          0          0         92   dfixu.o
        84          0          0          0          0        136   dflt_clz.o
       120          4          0          0          0         92   dleqf.o
       340         12          0          0          0        104   dmul.o
       156          4          0          0          0         92   dnaninf.o
        12          0          0          0          0         68   dretinf.o
       108          0          0          0          0         80   drleqf.o
       180          4          0          0          0         80   drnd.o
       460         56          0          0          0        120   dsqrt_noumaal.o
        86          4          0          0          0         84   f2d.o
       450          8          0          0          0        236   faddsub_clz.o
        12          4          0          0          0         68   fcheck1.o
        24          0          0          0          0         68   fcmpi.o
       388         76          0          0          0         96   fdiv.o
        48          0          0          0          0         68   fflt_clz.o
       104          4          0          0          0         84   fleqf.o
       258          4          0          0          0         84   fmul.o
       140          4          0          0          0         84   fnaninf.o
        10          0          0          0          0         68   fretinf.o
       272        100          0          0          0         88   fsqrt.o
         4          0          0          0          0         68   printf1.o
         4          0          0          0          0         68   printf2.o
       100          0          0          0          0         68   retnan.o
        92          0          0          0          0         68   scalbn.o
        76          0          0          0          0         68   scalbnf.o
        48          0          0          0          0         68   trapv.o
         0          0          0          0          0          0   usenofp.o
       292         38          0          0          0        120   asinf.o
       544         70        152          0          0        124   atan.o
       384         38          0          0          0        144   atan2.o
       604         76          0          0          0        116   atan2f.o
        26          6          0          0          0        204   dunder.o
        40          0          0          0          0         68   fpclassify.o
        38          0          0          0          0         68   fpclassifyf.o
        28          0          0          0          0        272   funder.o
       170          0          0          0          0         96   poly.o
         0          0          8          0          0          0   qnan.o
       148         12          0          0          0         88   round.o
        76          0          0          0          0         84   sqrt.o
        44          0          0          0          0         80   sqrtf.o

    ----------------------------------------------------------------------
     14550        966        716          0        100       8700   Library Totals
        24          0          5          0          4          0   (incl. Padding)

    ----------------------------------------------------------------------

      Code (inc. data)   RO Data    RW Data    ZI Data      Debug   Library Name

      6720        270        551          0         96       4060   c_w.l
      5412        456          0          0          0       3176   fz_ws.l
      2394        240        160          0          0       1464   m_ws.l

    ----------------------------------------------------------------------
     14550        966        716          0        100       8700   Library Totals

    ----------------------------------------------------------------------

==============================================================================


      Code (inc. data)   RO Data    RW Data    ZI Data      Debug   

     33242       1542       3366        172       2788     407677   Grand Totals
     33242       1542       3366        172       2788     407677   ELF Image Totals
     33242       1542       3366        172          0          0   ROM Totals

==============================================================================

    Total RO  Size (Code + RO Data)                36608 (  35.75kB)
    Total RW  Size (RW Data + ZI Data)              2960 (   2.89kB)
    Total ROM Size (Code + RO Data + RW Data)      36780 (  35.92kB)

==============================================================================

